$ bun test tests/utils.test.js tests/data-validation.test.js tests/page-render.test.js tests/csv.test.js tests/csv-edited-fields-roundtrip.test.js tests/review-state-schema.test.js tests/reading-level.test.js tests/plain-language.test.js tests/page-import-checks.test.js tests/card-inheritance.test.js tests/review-merge.test.js tests/page-registry-data.test.js tests/inline-content-edit-data.test.js tests/inline-content-edit-adapter.test.js tests/inline-content-edit-refresh.test.js tests/inline-content-edit.test.js tests/inline-content-edit-roundtrip.test.js tests/inline-link-target.test.js tests/review-api-server.test.js tests/review-api-postgres.test.js tests/review-state-sync.test.js tests/decision-vocabulary.test.js tests/knowledge-chunking.test.js tests/knowledge-sources.test.js tests/knowledge-retrieval.test.js tests/knowledge-search.test.js tests/validate-compliance-audit.test.js tests/doc-counts.test.js tests/mockup-image-export.test.js tests/review-insights-data.test.js tests/review-insights-charts.test.js tests/review-insights-render.test.js tests/review-ops-data.test.js tests/ai-assist-client.test.js tests/ai-assist-schema.test.js tests/ai-assist-env.test.js tests/ai-assist-providers.test.js tests/ai-assist-server.test.js tests/ai-assist-validate-rewrite.test.js tests/karl-tag-meta.test.js tests/sfds-tokens.test.js tests/react-theme.test.js tests/font-loading.test.js
bun test v1.3.14 (0d9b296a)

tests/inline-content-edit.test.js:
(pass) inline content edit: click-to-edit for scalar fields > window.inlineEdit exposes ensureBound and isEditing [6.82ms]
(pass) inline content edit: click-to-edit for scalar fields > isEditing is false before any field is clicked [2.11ms]
(pass) inline content edit: click-to-edit for scalar fields > clicking a title field opens the Editor.js widget, pre-filled, synchronously marking isEditing [42.77ms]
(pass) inline content edit: click-to-edit for scalar fields > clicking a summary field opens it pre-filled with the summary text [25.97ms]
(pass) inline content edit: click-to-edit for scalar fields > clicking a section heading opens it pre-filled with the heading text [10.96ms]
(pass) inline content edit: click-to-edit for scalar fields > clicking a paragraph opens it pre-filled with the paragraph text [13.95ms]
(pass) inline content edit: click-to-edit for scalar fields > clicking a bullet opens it pre-filled with the bullet text [17.04ms]
(pass) inline content edit: click-to-edit for scalar fields > clicking a primaryCta field opens it pre-filled with the CTA label [13.27ms]
(pass) inline content edit: click-to-edit for scalar fields > clicking a hero CTA rendered as an external <a href> opens the editor and prevents navigation [8.84ms]
(pass) inline content edit: click-to-edit for scalar fields > clicking a hero CTA rendered as an internal-target <button> still opens the editor (regression guard) [31.40ms]
(pass) inline content edit: click-to-edit for scalar fields > clicking an inline reference link inside a paragraph opens that paragraph editor and prevents navigation [16.94ms]
(pass) inline content edit: click-to-edit for scalar fields > committing a title edit writes page.title, persists, and re-renders [316.51ms]
(pass) inline content edit: click-to-edit for scalar fields > committing a summary edit writes page.summary, persists, and re-renders [314.47ms]
(pass) inline content edit: click-to-edit for scalar fields > committing a primaryCta edit writes the CTA label via setPrimaryCta [313.77ms]
(pass) inline content edit: click-to-edit for scalar fields > committing a heading edit writes it via setByPath [314.88ms]
(pass) inline content edit: click-to-edit for scalar fields > an edited step title gets the Edited badge and a reset control [3.02ms]
(pass) inline content edit: click-to-edit for scalar fields > a taggedText item is never badge-decorated, edited or not [1.96ms]
(pass) inline content edit: click-to-edit for scalar fields > an unedited plainString item stored as the tagged object form gets no badge [1.31ms]
(pass) inline content edit: click-to-edit for scalar fields > an edited plainString item stored as the tagged object form does get a badge [1.43ms]
(pass) inline content edit: click-to-edit for scalar fields > committing a labeled whatToKnow item keeps its label [313.85ms]
(pass) inline content edit: click-to-edit for scalar fields > committing a table cell writes a plain string, not the tagged object [313.48ms]
(pass) inline content edit: click-to-edit for scalar fields > committing a contact phone entry writes a plain string [312.20ms]
(pass) inline content edit: click-to-edit for scalar fields > committing a step title writes a plain string [315.16ms]
(pass) inline content edit: click-to-edit for scalar fields > committing a paragraph edit writes the tagged {text, unverified} object form [317.47ms]
(pass) inline content edit: click-to-edit for scalar fields > committing a bullet edit writes the tagged {text, unverified} object form [315.86ms]
(pass) inline content edit: click-to-edit for scalar fields > committing a paragraph with the value unchanged does not write or persist [212.69ms]
Block «paragraph» skipped because saved data is invalid
(pass) inline content edit: click-to-edit for scalar fields > committing title/summary/primaryCta as blank is refused and the field keeps its value [316.85ms]
Block «paragraph» skipped because saved data is invalid
(pass) inline content edit: click-to-edit for scalar fields > committing a paragraph as blank IS allowed (only page-level scalars are guarded) [317.29ms]
(pass) inline content edit: click-to-edit for scalar fields > Escape cancels the edit: no write, no persist, but does re-render to restore the view [224.53ms]
(pass) inline content edit: click-to-edit for scalar fields > Escape on a title field also cancels without writing [223.31ms]
(pass) inline content edit: click-to-edit for scalar fields > isEditing returns to false after commit [217.14ms]
(pass) inline content edit: click-to-edit for scalar fields > isEditing returns to false after cancel [122.02ms]
(pass) inline content edit: click-to-edit for scalar fields > a second focusout on the same field commits only once (no double-save) [144.46ms]
(pass) inline content edit: click-to-edit for scalar fields > clicking a second field while one is already open does not open a second editor [4.69ms]
(pass) inline content edit: click-to-edit for scalar fields > ensureBound is idempotent: calling it twice does not double-bind the click listener [325.78ms]
(pass) inline content edit: click-to-edit for scalar fields > a click outside any [data-rewrite-field] element does nothing [2.28ms]
(pass) inline content edit: add/remove/undo for paragraph and bullet arrays > clicking an Add control appends an empty tagged item and opens it in edit mode [2.30ms]
(pass) inline content edit: add/remove/undo for paragraph and bullet arrays > Add control click does not open a scalar editor on the same click [1.72ms]
(pass) inline content edit: add/remove/undo for paragraph and bullet arrays > clicking a Remove control deletes exactly that item via a whole-array replace [2.26ms]
(pass) inline content edit: add/remove/undo for paragraph and bullet arrays > removing an item persists and re-renders [1.86ms]
(pass) inline content edit: add/remove/undo for paragraph and bullet arrays > removing an item shows a toast whose action button carries the undo marker [3.10ms]
(pass) inline content edit: add/remove/undo for paragraph and bullet arrays > clicking the toast Undo button restores the removed item at its original position [3.61ms]
(pass) inline content edit: add/remove/undo for paragraph and bullet arrays > undo is consumed on use: undo is only offered once per removal [2.20ms]
(pass) inline content edit: add/remove/undo for paragraph and bullet arrays > undo is a no-op if the reviewer navigated to a different page before clicking it [1.79ms]
(pass) inline content edit: add/remove/undo for paragraph and bullet arrays > removing a paragraph reports the singular label "paragraph" in the toast [2.15ms]
(pass) inline content edit: per-field reset to original > resetting a heading restores its ORIGINAL_DATA value, persists, and re-renders [1.88ms]
(pass) inline content edit: per-field reset to original > resetting title restores page.title directly [2.17ms]
(pass) inline content edit: per-field reset to original > resetting summary restores page.summary directly [2.23ms]
(pass) inline content edit: per-field reset to original > resetting primaryCta restores the CTA label via setPrimaryCta [2.09ms]
(pass) inline content edit: per-field reset to original > a click outside any reset/add/remove control is unaffected (regression guard) [4.09ms]
(pass) inline content edit: decorateListControls appends add/remove controls after render > init() decorates a bullet list already present at mount with a remove control per item and one add control [1.80ms]
(pass) inline content edit: decorateListControls appends add/remove controls after render > the add control is placed after the last bullet item [2.91ms]
(pass) inline content edit: decorateListControls appends add/remove controls after render > a bullets array with zero items still gets an add control, anchored to the section heading (no dead end) [1.34ms]
(pass) inline content edit: decorateListControls appends add/remove controls after render > clicking Add on an emptied bullets list appends the first item (whole-array-replace from empty) [1.69ms]
(pass) inline content edit: decorateEditedFields applies the Edited badge and reset control > a heading that differs from ORIGINAL_DATA is decorated with the badge and a reset control [1.17ms]
(pass) inline content edit: decorateEditedFields applies the Edited badge and reset control > a heading matching ORIGINAL_DATA gets no badge [0.96ms]
(pass) inline content edit: decorateEditedFields applies the Edited badge and reset control > a paragraph is NOT decorated with the Edited badge, even when edited (it already carries the Unverified pill) [1.44ms]
(pass) inline content edit: decoration controls are excluded from PNG export > add, remove, edited-badge, and reset controls all carry data-export-exclude [0.08ms]
(pass) InlineEdit.LinkCommitBridge > take() returns the HTML stash()ed for the same holder element [0.24ms]
(pass) InlineEdit.LinkCommitBridge > take() clears the stash, so a second call on the same element returns undefined [0.06ms]
(pass) InlineEdit.LinkCommitBridge > take() on a holder nothing was stashed for returns undefined without throwing [0.08ms]
(pass) InlineEdit.LinkCommitBridge > stash() on a null holder is a no-op, not a throw [0.03ms]
(pass) InlineEdit.LinkCommitBridge > two different holders keep independent stashes [0.06ms]

tests/card-inheritance.test.js:
(pass) classifySection > classifies a Services/Resources subsection as inherits [0.13ms]
(pass) classifySection > classifies a Related panel and a Resource section as title-only [0.01ms]
(pass) classifySection > classifies a Table block and a Title-and-text block as authored
(pass) classifySection > returns unknown for an unrecognized karl note rather than guessing [0.01ms]
(pass) classifySection > returns unknown for a section with no karl note at all
(pass) classifySection > prefers authored over every other bucket
(pass) classifySection > prefers title-only over inherits when a note matches both
(pass) classifySection > exports the three regexes it decides with [0.07ms]
(pass) auditCards — internal cards > reports nothing when an inheriting card carries a matching title and no text [0.14ms]
(pass) auditCards — internal cards > reports an inheriting card that carries any text of its own [0.06ms]
(pass) auditCards — internal cards > reports a card that names its destination differently [0.02ms]
(pass) auditCards — internal cards > leaves an authored section alone however far its card diverges [0.02ms]
(pass) auditCards — internal cards > routes an unclassifiable section to unknown rather than to findings [0.02ms]
(pass) auditCards — internal cards > skips a card whose target resolves to no page at all [0.02ms]
(pass) auditCards — external-URL cards > reports an external card in a title-only section as dead text [0.19ms]
(pass) auditCards — external-URL cards > holds an external card in an inheriting section separately, not as a finding [0.06ms]
(pass) auditCards — external-URL cards > says nothing about an external card that carries no text [0.03ms]
(pass) auditCards — external-URL cards > leaves an external card in an authored section untouched [0.02ms]
(pass) auditCards — external-URL cards > reports an external card with text in an unclassified section, rather than dropping it [0.02ms]
(pass) auditCards — external-URL cards > counts external cards separately from internal ones [0.02ms]

tests/page-import-checks.test.js:
(pass) findPageImports > extracts page import paths in source order, normalized to repo-relative [0.16ms]
(pass) findPageImports > ignores imports that are not page modules [0.06ms]
(pass) findPageImports > returns an empty array when there are no page imports [0.05ms]
(pass) findPageImportDrift > reports no drift when disk and imports match, regardless of order [0.07ms]
(pass) findPageImportDrift > flags a page file that js/page-data.js never imports [0.02ms]
(pass) findPageImportDrift > flags an import pointing at a deleted page file [0.01ms]

tests/inline-link-target.test.js:
(pass) isValidInlineLinkTarget > accepts a live page key [0.10ms]
(pass) isValidInlineLinkTarget > accepts a key the reviewer has hidden, since Restore can bring it back [0.01ms]
(pass) isValidInlineLinkTarget > rejects a key that does not exist [0.03ms]
(pass) isValidInlineLinkTarget > accepts the inert # sentinel
(pass) isValidInlineLinkTarget > accepts an https URL
(pass) isValidInlineLinkTarget > accepts a plain http URL
(pass) isValidInlineLinkTarget > accepts an https URL padded with whitespace
(pass) isValidInlineLinkTarget > trims before matching a page key too
(pass) isValidInlineLinkTarget > rejects a javascript: scheme
(pass) isValidInlineLinkTarget > rejects a data: scheme
(pass) isValidInlineLinkTarget > rejects a protocol-relative URL, which leaves the origin
(pass) isValidInlineLinkTarget > rejects mailto:, which formatMarkdown would render as a dead button [0.04ms]
(pass) isValidInlineLinkTarget > rejects tel:, for the same renderer reason as mailto: [0.01ms]
(pass) isValidInlineLinkTarget > rejects a root-relative path, for the same renderer reason
(pass) isValidInlineLinkTarget > rejects the empty string
(pass) isValidInlineLinkTarget > rejects a whitespace-only target
(pass) isValidInlineLinkTarget > rejects null and undefined without throwing [0.01ms]
(pass) isValidInlineLinkTarget > accepts an array of keys as well as a Set [0.02ms]
(pass) isValidInlineLinkTarget > treats a missing key collection as "no keys", not as "everything valid"
(pass) isValidInlineLinkTarget > does not treat an inherited Object.prototype name as a known key [0.02ms]
(pass) isValidInlineLinkTarget > accepts a plain object keyed by page key, as data-checks.js holds pages [0.01ms]
(pass) findInvalidInlineLinkTargets > returns nothing for text with no links at all [0.03ms]
(pass) findInvalidInlineLinkTargets > returns nothing when every link is valid [0.02ms]
(pass) findInvalidInlineLinkTargets > returns the target of a single broken link [0.02ms]
(pass) findInvalidInlineLinkTargets > returns every broken target, in the order they appear [0.01ms]
(pass) findInvalidInlineLinkTargets > reports the same broken target twice when it appears twice [0.04ms]
(pass) findInvalidInlineLinkTargets > returns trimmed targets, so the notice does not quote stray whitespace [0.02ms]
(pass) findInvalidInlineLinkTargets > accepts the item-field object form as well as a bare string [0.02ms]
(pass) findInvalidInlineLinkTargets > returns nothing for a null, undefined, or non-text value [0.03ms]
(pass) findInvalidInlineLinkTargets > does not mistake a bracketed phrase with no link for a link
(pass) INLINE_LINK_TARGET_RULE > is a reviewer-facing sentence naming all three accepted forms [0.01ms]

tests/ai-assist-providers.test.js:
(pass) provider registry > registers claude and gemini, in that order [5.92ms]
(pass) provider registry > resolves a registered provider by name [0.07ms]
(pass) provider registry > returns null for a name it does not know [0.02ms]
(pass) provider registry > reports no configured providers when neither key is set [0.50ms]
(pass) provider registry > reports only the provider whose key is set [0.11ms]
(pass) provider registry > re-reads configuration on every call rather than caching it [0.05ms]
(pass) provider registry > defaults to claude when both are configured [0.02ms]
(pass) provider registry > defaults to the only configured provider, whatever its position [0.03ms]
(pass) Claude credential detection > counts an OAuth profile as a credential when no key is set [0.32ms]
(pass) Claude credential detection > counts ANTHROPIC_AUTH_TOKEN, which the SDK reads before any profile [0.07ms]
(pass) Claude credential detection > checks only the named profile when ANTHROPIC_PROFILE is set [0.10ms]
(pass) Claude credential detection > reports not configured rather than throwing when the config dir is absent [0.05ms]
(pass) Claude credential detection > makes the provider registry count Claude as configured [0.07ms]
(pass) resolveProvider > takes the deployment default when the request names nothing [0.04ms]
(pass) resolveProvider > honours an explicitly named configured provider [0.02ms]
(pass) resolveProvider > throws rather than silently falling back to the default [0.08ms]
(pass) resolveProvider > names what IS available, so a stale client can recover [0.06ms]
(pass) resolveProvider > throws for an unregistered name even when providers are configured [0.05ms]
(pass) resolveProvider > throws when nothing at all is configured [0.08ms]
(pass) provider surface > claude exports the full provider surface [0.04ms]
(pass) provider surface > gemini exports the full provider surface
(pass) provider surface > every registry entry has a distinct name [0.02ms]
(pass) usage normalization > maps anthropic counters onto the common shape [0.05ms]
(pass) usage normalization > counts anthropic cached input tokens toward the input total [0.04ms]
(pass) usage normalization > counts anthropic cache-creation tokens the same way [0.03ms]
(pass) usage normalization > maps gemini counters onto the common shape [0.04ms]
(pass) usage normalization > trusts gemini totalTokenCount over input plus output [0.02ms]
(pass) usage normalization > falls back to input plus output when gemini reports no total [0.03ms]
(pass) usage normalization > reports zeros rather than NaN for missing usage [0.05ms]
(pass) gemini refusal explanation > lists only the safety categories that actually blocked [0.07ms]
(pass) gemini refusal explanation > prefers finishMessage when the backend supplies one [0.03ms]
(pass) gemini refusal explanation > returns null rather than an empty sentence when nothing is known [0.02ms]
(pass) gemini refusal explanation > treats every refusal finish reason as a refusal [0.02ms]
(pass) shared error types > RefusalError carries the category and explanation to the route [0.06ms]
(pass) shared error types > RefusalError nulls its fields when a provider supplies no details [0.01ms]
(pass) shared error types > provider-anthropic still re-exports RefusalError from its old home
(pass) gemini timeout normalization > the SDK timeout is indistinguishable from a cancel by name alone [0.29ms]
(pass) gemini timeout normalization > raises ProviderTimeoutError when the caller never aborted [0.11ms]
(pass) gemini timeout normalization > passes the error through untouched when the caller did abort [0.05ms]
(pass) gemini timeout normalization > passes a non-abort error through untouched [0.02ms]
(pass) gemini timeout normalization > ProviderTimeoutError names the provider that ran out of time [0.02ms]
(pass) anthropic timeout normalization > raises ProviderTimeoutError when the caller never aborted [0.05ms]
(pass) anthropic timeout normalization > passes the error through untouched when the caller did abort [0.04ms]
(pass) anthropic timeout normalization > passes a non-timeout error through untouched [0.03ms]
(pass) anthropic timeout normalization > passes a plain Error through untouched [0.02ms]
(pass) anthropic timeout normalization > ProviderTimeoutError names claude as the provider that ran out of time [0.03ms]
(pass) request schema provider enum > accepts every registered provider name [0.83ms]
(pass) request schema provider enum > rejects a name no registered provider answers to [0.44ms]
(pass) request schema provider enum > derives its accepted values from the registry rather than a literal list [0.05ms]

tests/doc-counts.test.js:
(pass) package.json's explicit test list > runs every tests/*.test.js on disk [0.08ms]
(pass) package.json's explicit test list > names no test file that does not exist [0.05ms]
(pass) counts quoted in the instruction docs > CLAUDE.md states the real number of unit-test files [1.61ms]
(pass) counts quoted in the instruction docs > AGENTS.md states the real number of unit-test files [2.17ms]
(pass) counts quoted in the instruction docs > .github/copilot-instructions.md states the real number of unit-test files [0.10ms]
(pass) counts quoted in the instruction docs > CLAUDE.md states the real number of e2e spec files [1.80ms]
(pass) counts quoted in the instruction docs > AGENTS.md states the real number of e2e spec files [2.10ms]
(pass) counts quoted in the instruction docs > CLAUDE.md states the real number of pages [0.21ms]
(pass) counts quoted in the instruction docs > AGENTS.md states the real number of pages [0.17ms]
(pass) counts quoted in the instruction docs > CLAUDE.md names every unit-test file it claims to list [0.16ms]

tests/utils.test.js:
(pass) safeUrl > passes through absolute http and https URLs unchanged [0.17ms]
(pass) safeUrl > passes through mailto and tel URLs [0.02ms]
(pass) safeUrl > passes through root-relative paths
(pass) safeUrl > replaces a javascript: URL with the inert sentinel
(pass) safeUrl > replaces a javascript: URL regardless of case or leading whitespace [0.01ms]
(pass) safeUrl > replaces a data: URL
(pass) safeUrl > replaces a protocol-relative URL
(pass) safeUrl > replaces protocol-relative URLs written with backslashes [0.01ms]
(pass) safeUrl > treats empty, null, and undefined as the inert sentinel [0.01ms]
(pass) safeUrl > replaces a javascript: URL obfuscated with control characters [0.01ms]
(pass) safeUrl > leaves an existing fragment sentinel alone [0.01ms]
(pass) escapeHtml > escapes all five HTML special characters [0.01ms]
(pass) escapeHtml > treats null and undefined as empty string [0.05ms]
(pass) escapeHtml > leaves plain text unchanged
(pass) escapeHtml > coerces non-string values
(pass) csvEscape > leaves plain values unquoted [0.04ms]
(pass) csvEscape > quotes values containing commas [0.02ms]
(pass) csvEscape > quotes and doubles internal quotes
(pass) csvEscape > quotes values containing newlines
(pass) csvEscape > neutralizes formula-injection prefixes with a leading apostrophe [0.02ms]
(pass) csvEscape > neutralizes a bare leading tab or carriage return [0.02ms]
(pass) csvEscape > detects formula-injection prefixes after leading whitespace
(pass) csvEscape > keeps the protective apostrophe inside quotes when also quoted [0.01ms]
(pass) csvEscape > coerces null and undefined to empty string [0.01ms]
(pass) toCsv > joins escaped rows with commas and trailing newline [0.04ms]
(pass) toCsv > escapes every cell, not just the first [0.01ms]
(pass) getPrimaryCta / setPrimaryCta > finds the first step button across sections [0.04ms]
(pass) getPrimaryCta / setPrimaryCta > falls back to a section button when no step has one [0.01ms]
(pass) getPrimaryCta / setPrimaryCta > falls back to page.primaryCta when no section/step button exists
(pass) getPrimaryCta / setPrimaryCta > falls back to spotlight.button before page.primaryCta [0.01ms]
(pass) getPrimaryCta / setPrimaryCta > returns empty string when nothing is set [0.01ms]
(pass) getPrimaryCta / setPrimaryCta > setPrimaryCta updates the first step button in place [0.02ms]
(pass) getPrimaryCta / setPrimaryCta > setPrimaryCta falls back to page.primaryCta when no button exists anywhere [0.01ms]
(pass) getPrimaryCta / setPrimaryCta > setPrimaryCta writes spotlight.button, and getPrimaryCta round-trips it [0.02ms]
(pass) resolvePageKey > returns the key unchanged when it already exists [0.04ms]
(pass) resolvePageKey > falls back to the default key when no key is given [0.02ms]
(pass) resolvePageKey > follows the alias map for a retired key
(pass) resolvePageKey > falls back to the default key when the alias target does not exist
(pass) resolvePageKey > falls back to the default key for a completely unknown key
(pass) resolvePageKey > works with no aliases map at all
(pass) today > returns an ISO-style YYYY-MM-DD date string [0.13ms]
(pass) getDecisionChipClass > gives each of the five decisions its own class [0.05ms]
(pass) getDecisionChipClass > keeps Blocked and Revise and resubmit distinct [0.01ms]
(pass) getDecisionChipClass > keeps Needs review and Approved with edits distinct
(pass) getDecisionChipClass > maps each decision to its matching status token family [0.04ms]
(pass) getDecisionChipClass > falls back to the neutral chip for an unknown or missing decision [0.01ms]
(pass) getByPath > resolves a nested array index to its value [0.06ms]
(pass) getByPath > resolves a path ending at an object item [0.02ms]
(pass) getByPath > resolves through a step text array [0.02ms]
(pass) getByPath > returns undefined for a missing intermediate segment [0.01ms]
(pass) getByPath > returns undefined for an empty path
(pass) setByPath > writes a value at a resolvable path and reports success [0.03ms]
(pass) setByPath > refuses an unresolvable path without creating intermediates [0.01ms]
(pass) setByPath > returns false for an empty path
(pass) getByPath / setByPath — prototype pollution protection > getByPath returns undefined when any segment is __proto__ [0.02ms]
(pass) getByPath / setByPath — prototype pollution protection > getByPath returns undefined when any segment is prototype [0.01ms]
(pass) getByPath / setByPath — prototype pollution protection > getByPath returns undefined when any segment is constructor [0.01ms]
(pass) getByPath / setByPath — prototype pollution protection > setByPath returns false and writes nothing when path contains __proto__ [0.02ms]
(pass) getByPath / setByPath — prototype pollution protection > setByPath returns false and writes nothing when path contains prototype [0.01ms]
(pass) getByPath / setByPath — prototype pollution protection > setByPath returns false and writes nothing when path contains constructor [0.01ms]
(pass) getByPath / setByPath — prototype pollution protection > setByPath still works for normal, safe paths [0.10ms]
(pass) getByPath / setByPath — prototype pollution protection > getByPath still works for normal, safe paths [0.02ms]
(pass) REVIEW_RECORD_FIELDS > includes section_edits [0.02ms]
(pass) buildReviewRecord > defaults section_edits to an empty object [0.12ms]
(pass) buildReviewRecord > accepts a section_edits override [0.02ms]

tests/review-insights-charts.test.js:
(pass) activity axis > uses a time axis so unequal gaps stay to scale [0.57ms]
(pass) activity tooltip escaping > escapes the date, which arrives from saved review state [0.26ms]
(pass) activity tooltip escaping > escapes the numeric fields too, rather than trusting their type [0.06ms]

tests/decision-vocabulary.test.js:
(pass) the canonical decision table > gives every decision a label, slug, chip class, and chart colour [0.21ms]
(pass) the canonical decision table > uses a distinct slug, chip class, and chart token per decision [0.09ms]
(pass) the canonical decision table > names the undecided default as one of its own labels [0.04ms]
(pass) the canonical decision table > leads with the undecided default, which is where every page starts [0.01ms]
(pass) restatements of the decision vocabulary > js/review-insights-data.js DECISION_ORDER matches label-for-label, in order [0.02ms]
(pass) restatements of the decision vocabulary > build_scripts/review-state-schema.js VALID_DECISIONS covers the same set [0.02ms]
(pass) individually restated decision labels > js/review-queue-rows.js spells every label exactly [0.22ms]
(pass) individually restated decision labels > js/review-queue-render.js spells every label exactly [0.06ms]
(pass) individually restated decision labels > js/review-queue-state.js spells every label exactly [0.06ms]
(pass) individually restated decision labels > js/review-queue-undo.js spells every label exactly [0.02ms]
(pass) individually restated decision labels > js/keyboard-shortcuts.js spells every label exactly [0.06ms]
(pass) individually restated decision labels > js/ux-improvements-state-sync.js spells every label exactly [0.13ms]
(pass) individually restated decision labels > js/ux-improvements-export.js spells every label exactly [0.05ms]
(pass) individually restated decision labels > js/ux-improvements-workspace.js spells every label exactly [0.05ms]
(pass) individually restated decision labels > js/manager-review-export.js spells every label exactly [0.02ms]
(pass) individually restated decision labels > js/review-ops-data.js spells every label exactly [0.02ms]
(pass) individually restated decision labels > index.html spells every label exactly [0.05ms]
(pass) individually restated decision labels > covers every file that actually restates one [2.71ms]

tests/ai-assist-server.test.js:
(pass) AI assist API (server.ts) > gates > rejects a request with no bearer token [1.85ms]
(pass) AI assist API (server.ts) > gates > rejects a request with the wrong bearer token [0.73ms]
(pass) AI assist API (server.ts) > gates > answers a CORS preflight without a token [1.11ms]
(pass) AI assist API (server.ts) > gates > returns 404 for an unknown path rather than claiming it exists [5.94ms]
(pass) AI assist API (server.ts) > gates > returns 405-style 404 for the wrong method on a real route [1.81ms]
(pass) AI assist API (server.ts) > capabilities > reports the configured provider, tasks, and grounding files [15.72ms]
(pass) AI assist API (server.ts) > capabilities > reports every configured provider, with its model and label [2.60ms]
(pass) AI assist API (server.ts) > capabilities > names the provider an unnamed request would run on [1.09ms]
(pass) AI assist API (server.ts) > models > lists what the configured key can actually see [13.19ms]
(pass) AI assist API (server.ts) > models > lists each provider separately [3.87ms]
(pass) AI assist API (server.ts) > provider selection > routes an unnamed request to the default provider [19.45ms]
(pass) AI assist API (server.ts) > provider selection > routes a request naming gemini to gemini, and nowhere else [9.94ms]
(pass) AI assist API (server.ts) > provider selection > sends the same system prompt and schema to gemini [7.02ms]
(pass) AI assist API (server.ts) > provider selection > normalizes gemini usage into the same shape as claude [4.70ms]
(pass) AI assist API (server.ts) > provider selection > maps a gemini finishReason refusal to 422, not a 500 [3.42ms]
(pass) AI assist API (server.ts) > provider selection > maps a gemini prompt-level block to 422 [2.42ms]
(pass) AI assist API (server.ts) > provider selection > rejects a provider this build does not know about [4.06ms]
(pass) AI assist API (server.ts) > provider selection > rewrites one field and carries the mandatory disclosure [4.32ms]
(pass) AI assist API (server.ts) > provider selection > sends the rewrite system prompt, not the page-drafting one [3.23ms]
(pass) AI assist API (server.ts) > provider selection > retries once and names the dropped link target [4.15ms]
(pass) AI assist API (server.ts) > provider selection > rejects a rewrite request with no fieldText [1.11ms]
(pass) AI assist API (server.ts) > provider selection > ignores a stray prompt on a rewrite request rather than failing it [6.76ms]
(pass) AI assist API (server.ts) > provider selection > validates and retries on gemini exactly as it does on claude [7.99ms]
(pass) AI assist API (server.ts) > provider selection > sums normalized usage across a gemini retry [9.43ms]
(pass) AI assist API (server.ts) > request validation > rejects a body that is not JSON [2.38ms]
(pass) AI assist API (server.ts) > request validation > rejects a JSON array [1.51ms]
(pass) AI assist API (server.ts) > request validation > rejects an unknown task [1.46ms]
(pass) AI assist API (server.ts) > request validation > rejects an empty prompt [1.22ms]
(pass) AI assist API (server.ts) > request validation > rejects a body larger than the cap with 413, not a 400 after parsing it [6.58ms]
(pass) AI assist API (server.ts) > request validation > rejects an oversized page even when the prompt is within its own cap [3.27ms]
(pass) AI assist API (server.ts) > request validation > rejects a deeply nested page [1.39ms]
(pass) AI assist API (server.ts) > request validation > rejects an oversized chunked body the Content-Length check cannot see [9.94ms]
(pass) AI assist API (server.ts) > request validation > leaves the connection usable after rejecting an oversized body [208.56ms]
(pass) AI assist API (server.ts) > request validation > leaves the connection usable after the Content-Length pre-check rejects a body [7.94ms]
(pass) AI assist API (server.ts) > request validation > closes the connection when the pre-check itself rejects an honestly declared oversized body [11623.64ms]
(pass) AI assist API (server.ts) > request validation > measures the body in bytes, not characters [4.03ms]
(pass) AI assist API (server.ts) > request validation > still accepts a real page from this repo as grounding [22.63ms]
(pass) AI assist API (server.ts) > generation > returns a validated draft on the happy path [6.70ms]
(pass) AI assist API (server.ts) > generation > carries the AI disclosure SF.gov guidelines require [8.82ms]
(pass) AI assist API (server.ts) > generation > grounds the system prompt in the vendored style corpus [15.51ms]
(pass) AI assist API (server.ts) > generation > marks the LAST system block cacheable, since every block is byte-stable [6.31ms]
(pass) AI assist API (server.ts) > generation > passes the current page through as grounding context [8.71ms]
(pass) AI assist API (server.ts) > generation > retries once with the failures named, then succeeds [7.38ms]
(pass) AI assist API (server.ts) > generation > sends the rejected draft back with the failures, not just the failures [10.74ms]
(pass) AI assist API (server.ts) > generation > reports the token usage of every attempt, not just the last [11.82ms]
(pass) AI assist API (server.ts) > generation > returns the draft with its issues when both attempts fail [7.91ms]
(pass) AI assist API (server.ts) > generation > reports a schema failure rather than crashing on a malformed page [11.18ms]
(pass) AI assist API (server.ts) > generation > flags an invented link target against the real page-key universe [13.07ms]
(pass) AI assist API (server.ts) > generation > flags a link to the validator’s own sentinel key [10.47ms]
(pass) AI assist API (server.ts) > generation > accepts a link to a page key that really exists [7.04ms]
(pass) AI assist API (server.ts) > error mapping > maps a model refusal to 422, not a 500 [2.68ms]
(pass) AI assist API (server.ts) > error mapping > maps an upstream API error to 502 with the upstream status attached [445.94ms]
(pass) AI assist API (server.ts) > compliance-audit task > returns 501 when no chunks have been ingested [1.73ms]
(pass) AI assist API (server.ts) > compliance-audit task > rejects compliance-audit without a page [1.07ms]
(pass) AI assist API (server.ts) > compliance-audit task > embeds the page, retrieves the closest chunk, and returns cited findings [24.95ms]
(pass) AI assist API (server.ts) > compliance-audit task > retries once when the model cites a chunk id that was never retrieved [24.97ms]
(pass) compliance-audit task when Gemini is not configured > returns 501 naming GEMINI_API_KEY, even though Claude is configured [7.46ms]
(pass) AI assist API when unconfigured > still answers capabilities, so the browser can explain itself [12.75ms]
(pass) AI assist API when unconfigured > fails closed on generate with 501, never an unauthenticated success [2.30ms]
(pass) AI assist API request timeout > answers 504 when the upstream outlives the request budget [405.50ms]
(pass) AI assist API upstream (SDK) timeout > answers 504 when the SDK times out before the request budget [520.43ms]

tests/csv-edited-fields-roundtrip.test.js:
(pass) current-page CSV export carries edited_title/edited_summary > ReviewExport.currentCsv header row and data row include the edited fields with live values [4.97ms]
(pass) all-saved-reviews CSV export carries edited_title/edited_summary > exportSavedLocalReviewsCsv header and row include the saved edited fields [3.35ms]
(pass) CSV import reads edited_title/edited_summary back into saved review state > importReviewsFromCsvText merges a non-empty edited_title/edited_summary cell into the saved record [6.58ms]
(pass) CSV import reads edited_title/edited_summary back into saved review state > a blank edited_title/edited_summary cell does not overwrite an existing saved value (merge, not wipe) [1.92ms]
(pass) full export -> import round trip carries edited_title/edited_summary end to end > exporting the all-saved-reviews CSV and re-importing it through the real import path preserves edited_title/edited_summary [3.20ms]

tests/knowledge-sources.test.js:
(pass) categoryFor > files a document under its first path segment [0.04ms]
(pass) categoryFor > a new corpus folder needs no code change to get its own category [0.01ms]
(pass) collectKnowledgeSources > includes the committed policy corpus [0.06ms]
(pass) collectKnowledgeSources > includes the Karl capture, which lives outside docs/source/ [0.14ms]
(pass) collectKnowledgeSources > includes the live SF.gov snapshots under their own category [0.07ms]
(pass) collectKnowledgeSources > excludes every folder README, so folder notes are never citable [0.04ms]
(pass) collectKnowledgeSources > projects mockup pages under a distinct draft category [0.03ms]
(pass) collectKnowledgeSources > source ids are stable strings, since they are also the prune key [0.08ms]
(pass) projectPageToMarkdown > emits headings the chunker can split on [0.02ms]
(pass) projectPageToMarkdown > carries the karl placement notes, which are content here rather than comments
(pass) projectPageToMarkdown > renders both string and {text} list items rather than [object Object] [0.01ms]
(pass) projectPageToMarkdown > names the page key and slug so a citation can be traced back
(pass) the sfds category > files the vendored SFDS capture under its own category [1.44ms]
(pass) the sfds category > excludes the folder README from the corpus [2.03ms]

tests/react-theme.test.js:
(pass) js/react/theme.js token reads > reads the radius from --ext-radius-8, not the mockup stylesheet [0.06ms]
(pass) js/react/theme.js token reads > has a fallback for every token it reads [0.23ms]

tests/mockup-image-export.test.js:
(pass) buildFilename > combines the page key and date into a sortable PNG name [2.96ms]
(pass) buildFilename > keeps hyphens and underscores, which real page keys contain [0.10ms]
(pass) buildFilename > replaces characters that are unsafe in a filename [0.02ms]
(pass) buildFilename > falls back to a generic name when the page key is missing [0.01ms]
(pass) buildFilename > defaults to today when no date is supplied [0.06ms]

tests/plain-language.test.js:
(pass) stripInline > removes bold markers [0.12ms]
(pass) stripInline > collapses a markdown link to its label [0.01ms]
(pass) stripInline > returns an empty string for null and undefined
(pass) extractLinks > returns each label and target pair [0.07ms]
(pass) extractLinks > returns an empty array when there are no links
(pass) splitSentences > splits on terminal punctuation [0.09ms]
(pass) splitSentences > does not split on an abbreviation [0.01ms]
(pass) splitSentences > does not split inside a decimal number
(pass) countWords > counts words after stripping markdown [0.02ms]
(pass) containsPhrase > matches a whole word [0.09ms]
(pass) containsPhrase > does not match inside a longer word
(pass) containsPhrase > matches a multi-word phrase case-insensitively [0.02ms]
(pass) normalizePageType > lowercases and drops a trailing "page" [0.04ms]
(pass) collectTextUnits > addresses every unit by its field path [0.30ms]
(pass) collectTextUnits > reads the text out of an unverified item object [0.05ms]
(pass) collectTextUnits > marks headings and prose separately [0.11ms]
(pass) collectTextUnits > skips blank and whitespace-only fields [0.05ms]
(pass) collectTextUnits > returns an empty array for a missing page [0.01ms]
(pass) sentence length checks > passes copy built from short sentences [2.09ms]
(pass) sentence length checks > flags a sentence over twenty words and names its length [0.78ms]
(pass) paragraph length check > flags a paragraph running past three sentences [0.30ms]
(pass) paragraph length check > accepts a paragraph of exactly three sentences [0.21ms]
(pass) visual breaks check > flags a section of four paragraphs with no list or callout [0.34ms]
(pass) visual breaks check > accepts the same section once it has a bulleted list [0.41ms]
(pass) list conversion check > flags a long prose sentence that enumerates more than three items [0.24ms]
(pass) list conversion check > leaves a short card description alone [0.25ms]
(pass) contractions check > flags a contraction [0.17ms]
(pass) contractions check > leaves a possessive apostrophe alone [0.27ms]
(pass) contractions check > flags a contraction written with a typographic apostrophe [1.59ms]
(pass) contractions check > leaves a typographic possessive alone [0.40ms]
(pass) callout titles are analysed, not just callout text > flags a banned mandate in a section callout title [0.22ms]
(pass) callout titles are analysed, not just callout text > flags a banned mandate in a step callout title [0.25ms]
(pass) callout titles are analysed, not just callout text > treats title: false as no title rather than a heading to score [0.05ms]
(pass) shall prohibition > flags "shall" in ordinary body copy [0.17ms]
(pass) shall prohibition > exempts a verbatim Health Code quote, which section 7.3.1 allows [0.29ms]
(pass) heading case check > flags a shouted word [0.19ms]
(pass) heading case check > leaves an acronym with trailing punctuation alone [0.40ms]
(pass) heading case check > leaves a proper-noun programme name alone [0.16ms]
(pass) descriptive links check > flags generic link text [0.15ms]
(pass) descriptive links check > flags a file link that omits its format [0.17ms]
(pass) descriptive links check > accepts a file link that states its format [0.13ms]
(pass) alt text check > flags a missing alt attribute [0.14ms]
(pass) alt text check > flags a redundant "image of" opening [0.13ms]
(pass) alt text check > reports cleanly when a page has no images [0.06ms]
(pass) terminology consistency check > flags a competing term for the same concept [0.21ms]
(pass) terminology consistency check > accepts consistent use of the canonical term [0.25ms]
(pass) direct address check > flags body copy that never says "you" [0.32ms]
(pass) direct address check > flags a sentence addressed to the reader in the third person [0.23ms]
(pass) meta description check > does not score length, which the existing SEO rule owns [0.12ms]
(pass) meta description check > flags an opening article instead of an active verb [0.08ms]
(pass) SF.gov house style > flags an em dash, which SF.gov bans outright [0.19ms]
(pass) SF.gov house style > leaves a hyphenated compound word alone [0.18ms]
(pass) SF.gov house style > flags uppercase AM/PM on a two-digit hour [0.64ms]
(pass) SF.gov house style > leaves lowercase am/pm alone [0.17ms]
(pass) SF.gov house style > flags an ampersand, Latin abbreviation, and "please" [0.41ms]
(pass) SF.gov house style > flags a slash date and a parenthesised phone number [0.16ms]
(pass) SF.gov house style > exempts a verbatim Health Code quote, whose ellipsis marks elided text [0.19ms]
(pass) button length > flags a button over Karl’s 25-character limit [0.13ms]
(pass) button length > accepts a button at exactly the limit [0.09ms]
(pass) button length > checks step buttons and the page primary CTA too [0.20ms]
(pass) bulleted list length > flags a list over five bullets [0.19ms]
(pass) bulleted list length > accepts a list of exactly five bullets [0.16ms]
(pass) reading target recommendation > flags a Transaction page whose stated target is not Grade 5-6 [0.10ms]
(pass) reading target recommendation > accepts a Transaction page stating Grade 5-6 [0.08ms]
(pass) severity split > classifies every check as an error or a warning [0.09ms]
(pass) severity split > cites a real source document on every check [0.13ms]
(pass) severity split > cites a numbered section when the source is the standards manual [0.15ms]
(pass) severity split > does not cite the SEO section for rules that are not about SEO [0.14ms]
(pass) severity split > builds a citation that names the document for non-manual sources [0.10ms]
(pass) against the real page corpus > scores every page without throwing [35.09ms]
(pass) against the real page corpus > keeps mandatory failures rare enough to be actionable [23.05ms]
(pass) against the real page corpus > never reports an offender without a field path to fix [29.29ms]
(pass) against the real page corpus > exempts the Article 11 code-quote table from the shall rule [1.87ms]

tests/inline-content-edit-refresh.test.js:
(pass) applySavedPageState decorates the Edited badge synchronously > calls window.inlineEdit.decorateEditedFields directly, not just via the render wrapper [2.24ms]
(pass) applySavedPageState decorates the Edited badge synchronously > is a no-op (not an error) when window.inlineEdit is not yet mounted [1.52ms]
(pass) applySavedPageState section_edits follow-up render > triggers exactly one follow-up render when a saved section edit was reapplied [11.37ms]
(pass) applySavedPageState section_edits follow-up render > does not recurse: the deferred follow-up call does not trigger a second render [28.31ms]
(pass) applySavedPageState section_edits follow-up render > does not fire a follow-up render when the reapply changed nothing [14.61ms]
(pass) applySavedPageState section_edits follow-up render > a page with no saved section edits triggers zero follow-up renders [14.47ms]
(pass) applySavedPageState section_edits follow-up render > a page with no saved record at all triggers zero follow-up renders [14.41ms]
(pass) applySavedPageState section_edits follow-up render > a CTA-only saved edit triggers a follow-up render too, not just section_edits [13.95ms]
(pass) applySavedPageState section_edits follow-up render > a saved CTA identical to the current one triggers zero follow-up renders [14.43ms]
(pass) applySavedPageState section_edits follow-up render > a suppressed follow-up render never paints stale data: the later of two interleaved section_edits wins [12.47ms]
(pass) applySavedPageState asserts page identity before reapplying > does not fire the identity assertion in normal operation [5.21ms]
applySavedPageState: page identity drifted from DATA.pages[pageKey] before applyContentEditsToPageData — refreshInFlightForKey depends on in-place mutation of the live object (see the comment above refreshInFlightForKey's declaration).
(pass) applySavedPageState asserts page identity before reapplying > fires the identity assertion when DATA.pages[pageKey] no longer matches the object read at the top of the call [1.27ms]

tests/csv.test.js:
(pass) build_scripts/csv > round-trips quoted fields and commas [1.76ms]
(pass) build_scripts/csv > csvEscape neutralizes formula injection [0.04ms]
(pass) build_scripts/csv > csvEscape neutralizes a bare leading tab or carriage return [0.03ms]
(pass) js/utils.js and build_scripts/csv.js agree on the CSV format > csvEscape agrees on "" [0.03ms]
(pass) js/utils.js and build_scripts/csv.js agree on the CSV format > csvEscape agrees on "plain"
(pass) js/utils.js and build_scripts/csv.js agree on the CSV format > csvEscape agrees on "with,comma" [0.03ms]
(pass) js/utils.js and build_scripts/csv.js agree on the CSV format > csvEscape agrees on "with\"quote" [0.02ms]
(pass) js/utils.js and build_scripts/csv.js agree on the CSV format > csvEscape agrees on "with\nnewline"
(pass) js/utils.js and build_scripts/csv.js agree on the CSV format > csvEscape agrees on "with\r\ncrlf"
(pass) js/utils.js and build_scripts/csv.js agree on the CSV format > csvEscape agrees on "=SUM(A1:A9)"
(pass) js/utils.js and build_scripts/csv.js agree on the CSV format > csvEscape agrees on "+1234"
(pass) js/utils.js and build_scripts/csv.js agree on the CSV format > csvEscape agrees on "-1234"
(pass) js/utils.js and build_scripts/csv.js agree on the CSV format > csvEscape agrees on "@cmd"
(pass) js/utils.js and build_scripts/csv.js agree on the CSV format > csvEscape agrees on "  =leading spaces then formula"
(pass) js/utils.js and build_scripts/csv.js agree on the CSV format > csvEscape agrees on "\tleading tab"
(pass) js/utils.js and build_scripts/csv.js agree on the CSV format > csvEscape agrees on "\rleading carriage return"
(pass) js/utils.js and build_scripts/csv.js agree on the CSV format > csvEscape agrees on "=formula,with comma"
(pass) js/utils.js and build_scripts/csv.js agree on the CSV format > csvEscape agrees on "=\"quoted formula\""
(pass) js/utils.js and build_scripts/csv.js agree on the CSV format > csvEscape agrees on "trailing space "
(pass) js/utils.js and build_scripts/csv.js agree on the CSV format > csvEscape agrees on "unicode — em dash and “smart quotes”" [0.02ms]
(pass) js/utils.js and build_scripts/csv.js agree on the CSV format > csvEscape agrees on "apostrophe's own"
(pass) js/utils.js and build_scripts/csv.js agree on the CSV format > csvEscape agrees on null and undefined [0.08ms]
(pass) js/utils.js and build_scripts/csv.js agree on the CSV format > toCsv produces byte-identical output for a full sheet [0.20ms]
(pass) js/utils.js and build_scripts/csv.js agree on the CSV format > each parser reads back what the OTHER serializer wrote [0.19ms]

tests/validate-compliance-audit.test.js:
(pass) findInvalidCitations > returns no issues when every citation is in the retrieved set [0.19ms]
(pass) findInvalidCitations > flags a citation outside the retrieved set, naming the finding and the bad id [0.04ms]
(pass) findInvalidCitations > flags an empty citedChunkIds array [0.01ms]
(pass) findInvalidCitations > flags a missing citedChunkIds field
(pass) findInvalidCitations > checks every finding independently, not just the first [0.02ms]

tests/page-render.test.js:

# Unhandled error between tests
-------------------------------
SyntaxError: Export named 'safeMarkdown' not found in module '/home/ohdaveed/HHVC_manager_review_current_tool_package/js/utils.js'.
-------------------------------


tests/data-validation.test.js:
(pass) dataSchema > accepts a minimal valid page [0.61ms]
(pass) dataSchema > rejects a page missing a required field [0.14ms]
(pass) dataSchema > rejects an empty-string required field [0.28ms]
(pass) dataSchema > rejects an empty audience array [0.17ms]
(pass) dataSchema > rejects a section missing its required karl field [0.28ms]
(pass) dataSchema > accepts a fully populated section with cards and steps [0.28ms]
(pass) dataSchema > rejects an order entry that is not a [key, label] tuple [0.14ms]
(pass) dataSchema > accepts a page with partnerAgencies entries [0.15ms]
(pass) dataSchema > rejects a partnerAgencies entry missing its required title [0.07ms]
(pass) dataSchema > accepts a supporting section marked flat [0.18ms]
(pass) dataSchema > rejects a non-boolean flat value on a section [0.06ms]
(pass) dataSchema > accepts a top-facts section with labeled facts [0.10ms]
(pass) dataSchema > rejects a fact missing its required label [0.07ms]
(pass) dataSchema > accepts a page with a Contact us social media entry [0.07ms]
(pass) dataSchema > rejects a social media entry missing its required url [0.05ms]
(pass) isTopicPageFirst > true when pestsTopic leads the order array [0.02ms]
(pass) isTopicPageFirst > false when another page leads
(pass) isTopicPageFirst > false for an empty order array
(pass) findMissingOrderKeys > empty when every order key exists in pages [0.06ms]
(pass) findMissingOrderKeys > reports order keys with no matching page [0.02ms]
(pass) findBrokenCardTargets > empty when every card target exists [0.05ms]
(pass) findBrokenCardTargets > reports a card target with no matching page [0.02ms]
(pass) findBrokenCardTargets > ignores cards with no target (inert/decorative cards) [0.01ms]
(pass) findBrokenButtonTargets > empty when every section/step buttonTarget exists [0.05ms]
(pass) findBrokenButtonTargets > reports a section buttonTarget with no matching page [0.01ms]
(pass) findBrokenButtonTargets > reports a step buttonTarget with no matching page [0.01ms]
(pass) findBrokenButtonTargets > ignores sections/steps with no buttonTarget [0.01ms]
(pass) findBrokenInlineLinks > empty when inline links point at existing pages, URLs, or the inert sentinel [0.14ms]
(pass) findBrokenInlineLinks > reports a paragraph link to a missing page key [0.02ms]
(pass) findBrokenInlineLinks > does not report a URL target padded with whitespace [0.04ms]
(pass) findBrokenInlineLinks > does not report a page key padded with whitespace [0.02ms]
(pass) findBrokenInlineLinks > still reports an unsafe scheme, which is neither a key nor http(s) [0.02ms]
(pass) findBrokenInlineLinks > reports broken links inside bullets, step text, and step bullets [0.03ms]
(pass) findBrokenInlineLinks > checks unverified-item objects the same as plain strings [0.01ms]
(pass) findBrokenInlineLinks > reports broken links inside table cells [0.02ms]
(pass) findBrokenInlineLinks > reports broken links inside section and step callouts [0.02ms]
(pass) findBannedTerms > empty when no banned terms are present [0.05ms]
(pass) findBannedTerms > finds a banned term regardless of case or nesting depth [0.02ms]
(pass) findBannedTerms > finds multiple banned terms [0.01ms]
(pass) findBannedTerms > ignores image src, so base64 bytes cannot trip a term [0.02ms]
(pass) findBannedTerms > still finds a banned term in copy on a page that also has an image [0.03ms]
(pass) findListFormatViolations > empty when lists of 3+ use bullets instead of paragraphs or step text [0.08ms]
(pass) findListFormatViolations > reports section paragraphs with 3 or more items [0.02ms]
(pass) findListFormatViolations > reports step text with 3 or more items [0.01ms]
(pass) content-confidence fields > accepts a card with unverified and unverifiedReason [0.11ms]
(pass) content-confidence fields > accepts a mix of plain strings and unverified objects in bullets [0.11ms]
(pass) content-confidence fields > accepts a mix of plain strings and unverified objects in paragraphs [0.12ms]
(pass) content-confidence fields > accepts unverified objects in step text and bullets [0.11ms]
(pass) content-confidence fields > rejects an unverified item with empty text [0.10ms]
(pass) countUnverifiedClaims > zero when nothing is flagged [0.08ms]
(pass) countUnverifiedClaims > counts flagged bullets, paragraphs, step text/bullets, and cards [0.03ms]
(pass) countUnverifiedClaims > does not count an object item with unverified: false [0.01ms]
(pass) findExternalAssetUrls > flags a hotlinked spotlight image [0.11ms]
(pass) findExternalAssetUrls > flags a hotlinked section image [0.03ms]
(pass) findExternalAssetUrls > flags a protocol-relative image src [0.01ms]
(pass) findExternalAssetUrls > flags protocol-relative image srcs disguised with backslashes [0.03ms]
(pass) findExternalAssetUrls > flags a whitespace-padded absolute URL [0.01ms]
(pass) findExternalAssetUrls > accepts a data: URI, which is the whole point of the placeholder
(pass) findExternalAssetUrls > accepts relative and root-relative image paths [0.01ms]
(pass) findExternalAssetUrls > ignores a page with no images at all [0.01ms]
(pass) findUnsafeUrls > flags a javascript: card url [0.10ms]
(pass) findUnsafeUrls > flags a data: buttonUrl on a section [0.02ms]
(pass) findUnsafeUrls > flags an unsafe step buttonUrl and printVersionUrl [0.04ms]
(pass) findUnsafeUrls > accepts https, mailto, and root-relative urls [0.14ms]
(pass) findUnsafeUrls > flags a protocol-relative url disguised with backslashes [0.10ms]
(pass) findUnsafeUrls > does not flag a safe url merely for surrounding whitespace [0.03ms]
(pass) findUnsafeUrls > returns nothing for pages with no url fields [0.01ms]

tests/knowledge-chunking.test.js:
(pass) chunkMarkdown > splits on ## and ### headings and builds a heading path [2.88ms]
(pass) chunkMarkdown > every chunk carries its sourceFile and a sequential chunkIndex [0.05ms]
(pass) chunkMarkdown > content before the first heading gets a null headingPath [0.04ms]
(pass) chunkMarkdown > a section over 500 words is split into multiple chunks with word overlap [0.24ms]
(pass) chunkMarkdown > skips headings that produce no body text [0.03ms]
(pass) chunkMarkdown > a single paragraph over 500 words is split into multiple word-bounded chunks [0.31ms]

tests/review-api-postgres.test.js:
(pass) review-state API on Postgres > starts against Postgres and reports an empty state [3.40ms]
(pass) review-state API on Postgres > stores a pushed record and returns it merged with a history entry [14.23ms]
(pass) review-state API on Postgres > round-trips jsonb without mangling a nested object field [7.44ms]
(pass) review-state API on Postgres > stores the record as a queryable jsonb object, not a JSON string [8.05ms]
(pass) review-state API on Postgres > rejects a stale push instead of overwriting the newer record [14.99ms]
(pass) review-state API on Postgres > rejects a push with no baseline against a page that already exists [12.78ms]
(pass) review-state API on Postgres > accepts a push with a current baseline [16.59ms]
(pass) review-state API on Postgres > the compare-and-swap refuses a second writer racing the same prior row [16.87ms]
(pass) review-state API on Postgres > writes to one page never touch another [17.14ms]

tests/page-registry-data.test.js:
(pass) REQUIRED_PAGE_FIELDS > matches every required field of pageSchema in build_scripts/schema.js [0.47ms]
(pass) ALLOWED_PAGE_TYPES > lists exactly the five types the page picker groups by [0.17ms]
(pass) ALLOWED_PAGE_TYPES > is not the same as what the schema permits, on purpose [0.08ms]
(pass) slugify > lowercases and hyphenates a title [0.11ms]
(pass) slugify > collapses runs of punctuation into a single hyphen [0.02ms]
(pass) slugify > trims leading and trailing hyphens
(pass) slugify > returns an empty string for input with no alphanumerics [0.03ms]
(pass) menuLabelFor > prefixes the title with the page type [0.05ms]
(pass) menuLabelFor > falls back to the bare title when there is no type [0.02ms]
(pass) menuLabelFor > does not throw on null
(pass) parseAudienceList > splits a textarea into one entry per line [0.06ms]
(pass) parseAudienceList > drops blank lines and trims each entry [0.01ms]
(pass) parseAudienceList > accepts an array unchanged apart from trimming and blanks [0.02ms]
(pass) parseAudienceList > returns an empty array for empty input [0.01ms]
(pass) validateNewPage > accepts a complete submission and returns a schema-valid page [0.35ms]
(pass) validateNewPage > derives a slug from the title when none is supplied [0.03ms]
(pass) validateNewPage > keeps an explicitly supplied slug [0.02ms]
(pass) validateNewPage > rejects a key already in use [0.03ms]
(pass) validateNewPage > accepts a Set of existing keys as readily as an array [0.02ms]
(pass) validateNewPage > rejects a key that is not a bare identifier [0.04ms]
(pass) validateNewPage > rejects the prototype-pollution key names [0.07ms]
(pass) validateNewPage > requires a title, a summary, and a reading target [0.04ms]
(pass) validateNewPage > requires at least one audience line [0.02ms]
(pass) validateNewPage > rejects a page type outside the allowed set [0.02ms]
(pass) validateNewPage > reports every problem at once rather than stopping at the first [0.02ms]
(pass) validateNewPage > does not throw on a null submission [0.02ms]
(pass) buildPageFromForm > produces a page that satisfies the real page schema [0.08ms]
(pass) buildPageFromForm > marks the page as a placeholder
(pass) buildPageFromForm > gives the starter section a non-empty karl note [0.02ms]
(pass) buildPageFromForm > says plainly that no Karl block has been chosen rather than guessing one [0.03ms]
(pass) buildPageFromForm > copies the audience array rather than aliasing the caller’s [0.02ms]
(pass) isValidPageObject > accepts a page carrying all six required fields [0.10ms]
(pass) isValidPageObject > rejects a page missing any one required field [0.03ms]
(pass) isValidPageObject > rejects an empty or non-string audience [0.02ms]
(pass) isValidPageObject > rejects non-objects [0.01ms]
(pass) readRegistry > returns both halves from a state blob that has one [0.03ms]
(pass) readRegistry > reads an absent, null or malformed registry as empty rather than throwing [0.06ms]
(pass) readRegistry > reads an array-valued half as empty, since the halves are keyed maps [0.01ms]
(pass) applyRegistryToData > appends an added page to pages and order [0.24ms]
(pass) applyRegistryToData > never displaces pestsTopic from the front of order [0.05ms]
(pass) applyRegistryToData > mutates the given objects in place rather than replacing them [0.03ms]
(pass) applyRegistryToData > is idempotent — re-applying does not duplicate an order row [0.06ms]
(pass) applyRegistryToData > never aliases the registry’s page object into data.pages [0.03ms]
(pass) applyRegistryToData > removes a hidden page from both order and pages [0.05ms]
(pass) applyRegistryToData > stashes a hidden page’s original index, order tuple, and page object [0.06ms]
(pass) applyRegistryToData > refuses to hide a protected page [0.03ms]
(pass) applyRegistryToData > protects exactly pestsTopic and nothing else [0.02ms]
(pass) applyRegistryToData > refuses to empty order [0.03ms]
(pass) applyRegistryToData > adds before it hides, so a page added and then hidden ends up absent [0.10ms]
(pass) applyRegistryToData > ignores a hidden key that names no live page [0.02ms]
(pass) applyRegistryToData > drops an added entry with an unusable page instead of throwing [0.08ms]
(pass) applyRegistryToData > drops a prototype-polluting key without touching Object.prototype [0.11ms]
(pass) applyRegistryToData > does not throw on malformed data or a malformed registry [0.12ms]
(pass) applyRegistryToData > tolerates a missing stash argument [0.04ms]
(pass) applyRegistryToData > falls back to a derived label when the stored one is missing or blank [0.09ms]
(pass) countInboundLinks > counts inbound cards and buttons and names the referring pages [0.22ms]
(pass) countInboundLinks > ignores self-references, since hiding a page cannot dangle its own links [0.03ms]
(pass) countInboundLinks > reports nothing for a page nobody links to [0.03ms]
(pass) countInboundLinks > does not throw on malformed input [0.02ms]
(pass) restoreOrderIndex > inserts before the first canonical successor that is present [0.04ms]
(pass) restoreOrderIndex > restores two hidden pages to canonical order in EITHER click order [0.02ms]
(pass) restoreOrderIndex > appends when no canonical successor is present
(pass) restoreOrderIndex > appends a key the canonical sequence has never seen
(pass) restoreOrderIndex > puts a first-position page back at the front
(pass) restoreOrderIndex > does not throw on malformed input
(pass) applyRegistryToData: canonical order tracking > records the full site order before hiding anything [0.03ms]
(pass) applyRegistryToData: canonical order tracking > extends the canonical list with a page added later, without rebuilding it [0.10ms]
(pass) applyRegistryToData: canonical order tracking > tolerates a missing canonical array [0.04ms]
(pass) applyRegistryToData: canonical order tracking > does not mutate the array passed in as canonicalOrder [0.02ms]
(pass) validateNewPage: slug derivation > rejects a title that slugifies to nothing, rather than yielding "sf.gov/" [0.03ms]
(pass) validateNewPage: slug derivation > accepts an explicit slug even when the title slugifies to nothing [0.02ms]
(pass) validateNewPage: inherited Object.prototype names > rejects toString, valueOf and hasOwnProperty as page keys [0.07ms]
(pass) validateNewPage: inherited Object.prototype names > still accepts an ordinary identifier [0.02ms]
(pass) validateNewPage: inherited Object.prototype names > applyRegistryToData drops an inherited-name entry instead of skipping it [0.05ms]
(pass) validateNewPage: inherited Object.prototype names > an own-property presence check still makes a real re-apply idempotent [0.08ms]
(pass) isValidPageObject: malformed OPTIONAL fields > rejects a non-array sections field [0.03ms]
(pass) isValidPageObject: malformed OPTIONAL fields > rejects a section that is not an object [0.01ms]
(pass) isValidPageObject: malformed OPTIONAL fields > rejects a section missing the schema-required heading or karl [0.02ms]
(pass) isValidPageObject: malformed OPTIONAL fields > accepts a well-formed section, an empty array, and an absent field [0.04ms]
(pass) isValidPageObject: malformed OPTIONAL fields > a page built by the form still validates [0.04ms]
(pass) isValidPageObject: malformed OPTIONAL fields > applyRegistryToData drops an entry whose sections are malformed [0.03ms]
(pass) applyRegistryToData: reporting key collisions > reports a key already occupied by a page in `collided`, not `added` [0.04ms]
(pass) applyRegistryToData: reporting key collisions > an idempotent re-apply lands in `collided` too, since only the caller can judge [0.03ms]
(pass) applyRegistryToData: reporting key collisions > always returns the collided array, even on malformed input [0.01ms]
(pass) nested optional section fields > rejects a non-array paragraphs, bullets, cards, table or steps [0.10ms]
(pass) nested optional section fields > accepts arrays and absent fields [0.02ms]
(pass) nested optional section fields > applyRegistryToData drops an entry with a malformed nested field [0.02ms]
(pass) countInboundLinks: inline markdown links > counts a link in a paragraph [0.07ms]
(pass) countInboundLinks: inline markdown links > counts links in bullets, table cells, callouts and step text [0.04ms]
(pass) countInboundLinks: inline markdown links > reads the object form of a text item, not just a bare string [0.02ms]
(pass) countInboundLinks: inline markdown links > does not match a link to a DIFFERENT page whose key shares a prefix [0.01ms]
(pass) countInboundLinks: inline markdown links > counts cards, buttons and inline links independently [0.03ms]

tests/ai-assist-env.test.js:
(pass) numberFromEnv > returns the fallback when the variable is unset [2.30ms]
(pass) numberFromEnv > returns the fallback when the variable is set but empty [0.03ms]
(pass) numberFromEnv > parses a well-formed value [0.02ms]
Ignoring HHVC_TEST_NUMERIC_ENV="240_000": expected a whole number between 1 and 9007199254740991. Using 240000.
(pass) numberFromEnv > rejects a typo that parses to NaN [0.10ms]
Ignoring HHVC_TEST_NUMERIC_ENV="Infinity": expected a whole number between 1 and 9007199254740991. Using 240000.
(pass) numberFromEnv > rejects Infinity [0.09ms]
Ignoring HHVC_TEST_NUMERIC_ENV="0": expected a whole number between 1 and 9007199254740991. Using 240000.
(pass) numberFromEnv > rejects a value below the default minimum of 1 [0.03ms]
(pass) numberFromEnv > accepts zero when min is 0 [0.04ms]
Ignoring HHVC_TEST_NUMERIC_ENV="150.5": expected a whole number between 1 and 9007199254740991. Using 240000.
(pass) numberFromEnv > rejects a fractional value [0.02ms]
Ignoring HHVC_TEST_NUMERIC_ENV="100000000000000000000": expected a whole number between 1 and 9007199254740991. Using 240000.
(pass) numberFromEnv > rejects a finite value past Number.MAX_SAFE_INTEGER [0.03ms]
Ignoring HHVC_TEST_NUMERIC_ENV="7200000": expected a whole number between 1 and 3600000. Using 240000.
(pass) numberFromEnv > rejects a value above an explicit max [0.06ms]
(pass) numberFromEnv > accepts a value exactly at an explicit max [0.03ms]
Ignoring HHVC_TEST_NUMERIC_ENV="100000000000000000000": expected a whole number between 1 and 3600000. Using 240000.
Ignoring HHVC_TEST_NUMERIC_ENV="Infinity": expected a whole number between 1 and 3600000. Using 240000.
Ignoring HHVC_TEST_NUMERIC_ENV="not-a-number": expected a whole number between 1 and 3600000. Using 240000.
Ignoring HHVC_TEST_NUMERIC_ENV="1e400": expected a whole number between 1 and 3600000. Using 240000.
Ignoring HHVC_TEST_NUMERIC_ENV="-1": expected a whole number between 1 and 3600000. Using 240000.
Ignoring HHVC_TEST_NUMERIC_ENV="1.5": expected a whole number between 1 and 3600000. Using 240000.
(pass) numberFromEnv > returns a value inside AbortSignal.timeout range for every hostile input [0.12ms]

tests/reading-level.test.js:
(pass) load-pages > discovers all page modules and loads HHVC_DATA [1.57ms]
(pass) fleschKincaidGrade > computes a grade for sample page body text [6.71ms]
(pass) fleschKincaidGrade > matches the reference where the old approximation read too hard [0.16ms]
(pass) fleschKincaidGrade > matches the reference where the old approximation read too easy [0.10ms]
(pass) fleschKincaidGrade > returns null rather than a confident number for text under five words [0.04ms]
(pass) fleschKincaidGrade > scores markdown link labels, not their targets [0.08ms]
(pass) fleschKincaidGrade > scores emphasized text the same as unemphasized text [0.09ms]
(pass) normalizeTextItem > passes a plain string through unchanged [0.01ms]
(pass) normalizeTextItem > unwraps an unverified item object to its text [0.03ms]
(pass) normalizeTextItem > joins a whatToKnow label and text [0.14ms]
(pass) normalizeTextItem > returns an empty string for null, numbers, and shapeless objects [0.03ms]
(pass) calloutText > joins a string title with its text [0.02ms]
(pass) calloutText > drops a suppressed title of literal false [0.01ms]
(pass) calloutText > returns an empty string when there is no callout
(pass) joinChunks > terminates unpunctuated chunks so each stays one sentence [0.03ms]
(pass) joinChunks > leaves existing terminal punctuation alone [0.02ms]
(pass) joinChunks > drops empty and nullish chunks [0.02ms]
(pass) extractPageBodyText regressions > never emits [object Object] for any real page [1.54ms]
(pass) extractPageBodyText regressions > reads the text out of unverified item objects [0.09ms]
(pass) extractPageBodyText regressions > includes audience entries, which render as the "who this page is for" list [0.04ms]
(pass) extractPageBodyText regressions > keeps every real page under a sane average sentence length [44.25ms]
(pass) extractPageBodyText regressions > returns an empty string for a missing page rather than throwing [0.08ms]

tests/ai-assist-schema.test.js:
(pass) AI output schema shape > every object node forbids additional properties [0.22ms]
(pass) AI output schema shape > every object node declares a required array [0.08ms]
(pass) AI output schema shape > every required property is actually defined on its node [0.08ms]
(pass) AI output schema shape > uses no JSON Schema keywords structured outputs do not support [0.10ms]
(pass) AI output schema shape > requires a karl note on every section, as the Zod schema does [0.01ms]
(pass) AI output schema agrees with the Zod page schema > section components match the Zod enum exactly [0.10ms]
(pass) AI output schema agrees with the Zod page schema > every page type the AI may emit is accepted by the Zod schema [0.18ms]
(pass) AI output schema agrees with the Zod page schema > the AI schema requires everything the Zod schema requires [0.22ms]
(pass) AI output schema agrees with the Zod page schema > a page using every field the AI schema allows passes real validation [0.93ms]
(pass) validateGeneratedPage > stops at the schema layer rather than cascading downstream errors [0.28ms]
(pass) validateGeneratedPage > resolves link targets against the real page-key universe [0.40ms]
(pass) validateGeneratedPage > does not report pre-existing problems in the repo as the model’s fault [0.26ms]
(pass) validateGeneratedPage > applies the Article 11 scope check to Agency pages only [0.35ms]
(pass) validateGeneratedPage > reports the list-format invariant that validate.js enforces [0.28ms]
(pass) validateGeneratedPage > reports plain-language mandates alongside the invariants [0.21ms]
(pass) request bounds > accepts a request with no page at all [0.10ms]
(pass) request bounds > accepts every real page in this repo as grounding [4.53ms]
(pass) request bounds > rejects a page that serializes past the size cap [0.66ms]
(pass) request bounds > rejects a page nested past the depth cap [0.13ms]
(pass) request bounds > rejects a circular page rather than throwing on it [0.11ms]
(pass) request bounds > measures depth without recursing on the input [1.29ms]
(pass) request bounds > counts a flat object as depth 1 [0.07ms]
(pass) request bounds > counts nesting through arrays, not just objects [0.02ms]
(pass) grounding page size is measured on what is actually sent > the prompt embeds the exact string the cap measured [0.16ms]
(pass) grounding page size is measured on what is actually sent > rejects a page whose sent form exceeds the cap even though its compact form does not [3.05ms]
(pass) grounding page size is measured on what is actually sent > measures the page cap in UTF-8 bytes, not UTF-16 code units [0.37ms]
(pass) grounding page size is measured on what is actually sent > every real page still fits once measured the way it is sent [3.66ms]
(pass) generateRequestSchema task branches > still rejects a content request with no prompt [0.24ms]
(pass) generateRequestSchema task branches > accepts a rewrite-field request with fieldText and no prompt [0.06ms]
(pass) generateRequestSchema task branches > rejects a rewrite-field request with no fieldText [0.05ms]
(pass) generateRequestSchema task branches > accepts an optional instruction on rewrite-field [0.03ms]
(pass) generateRequestSchema task branches > rejects an unknown task [0.08ms]
(pass) REWRITE_OUTPUT_SCHEMA > requires a rewrittenText string and forbids extra properties [0.03ms]
(pass) COMPLIANCE_AUDIT_OUTPUT_SCHEMA > every finding requires issue, severity, citedChunkIds, and recommendation [0.02ms]
(pass) COMPLIANCE_AUDIT_OUTPUT_SCHEMA > severity is constrained to error, warning, or note [0.01ms]
(pass) Anthropic structured-output compatibility > the schemas sent AS grammars stay within the optional-property limit [0.11ms]
(pass) Anthropic structured-output compatibility > PAGE_OUTPUT_SCHEMA is marked incompatible, and exceeds the limit that explains why [0.08ms]
(pass) Anthropic structured-output compatibility > the marker never reaches the wire [0.06ms]
(pass) Anthropic structured-output compatibility > an unmarked schema is assumed compilable [0.01ms]
(pass) Anthropic structured-output compatibility > counts a shared subschema once per use, not once per definition [0.04ms]
(pass) Anthropic structured-output compatibility > counts through array items, where every section and step actually lives [0.02ms]
(pass) generateRequestSchema (discriminated union) > rejects a compliance-audit request with no page [0.05ms]
(pass) generateRequestSchema (discriminated union) > accepts a compliance-audit request with only task and page [0.05ms]
(pass) generateRequestSchema (discriminated union) > still rejects a content request with no prompt (with a page present) [0.03ms]

tests/knowledge-search.test.js:
(pass) cosineSimilarity > returns 1 for identical vectors [0.17ms]
(pass) cosineSimilarity > returns 0 for orthogonal vectors [0.02ms]
(pass) cosineSimilarity > returns -1 for opposite vectors [0.02ms]
(pass) cosineSimilarity > returns 0 for a zero vector rather than dividing by zero [0.01ms]
(pass) topKBySimilarity > ranks chunks by descending similarity to the query [0.10ms]
(pass) topKBySimilarity > returns at most k results [0.04ms]
(pass) topKBySimilarity > each result carries the numeric score alongside the chunk [0.02ms]
(pass) topKBySimilarity > returns an empty array for an empty corpus [0.01ms]

tests/ai-assist-validate-rewrite.test.js:
(pass) validateRewrite > accepts plain prose that preserves every link target [0.52ms]
(pass) validateRewrite > rejects an empty rewrite [0.04ms]
(pass) validateRewrite > rejects a missing rewrittenText field [0.01ms]
(pass) validateRewrite > rejects introduced HTML tags [0.11ms]
(pass) validateRewrite > names a dropped link target so the retry can restore it [0.08ms]
(pass) validateRewrite > allows reworded link labels as long as the target survives [0.07ms]
(pass) validateRewrite > reports every dropped target, not just the first [0.08ms]
(pass) validateRewrite > accepts a rewrite of copy that never had links [0.06ms]

tests/review-insights-data.test.js:
(pass) buildDecisionMix > counts every decision in canonical order [0.22ms]
(pass) buildDecisionMix > keeps zero-count decisions rather than dropping them [0.07ms]
(pass) buildDecisionMix > treats a row with no decision as needing review [0.04ms]
(pass) buildDecisionMix > counts an unrecognised decision instead of silently discarding it [0.04ms]
(pass) buildDecisionMix > computes each decision share as a whole percentage [0.03ms]
(pass) buildDecisionMix > reports zero percent rather than dividing by zero on an empty queue [0.02ms]
(pass) buildDecisionMix > tolerates a non-array input [0.06ms]
(pass) toDayKey > reduces an ISO timestamp to its calendar day [0.09ms]
(pass) toDayKey > groups by the reviewer local day, not the UTC one [0.02ms]
(pass) toDayKey > maps two spellings of the same instant to the same day [0.01ms]
(pass) toDayKey > passes a plain calendar date through untouched
(pass) toDayKey > returns null for a malformed or missing timestamp [0.02ms]
(pass) firstDecidedDay > returns the earliest day carrying a real decision [0.06ms]
(pass) firstDecidedDay > scans the whole history rather than trusting array order [0.02ms]
(pass) firstDecidedDay > ignores entries that carry no decision or only Needs review [0.01ms]
(pass) firstDecidedDay > returns null for a record that was never decided [0.01ms]
(pass) firstDecidedDay > falls back to review_date for a legacy record with no history
(pass) firstDecidedDay > falls back to updated_at when a legacy record has no review_date [0.02ms]
(pass) firstDecidedDay > does not invent a decided day for a legacy record still needing review [0.01ms]
(pass) firstDecidedDay > prefers real history over the legacy fallback [0.01ms]
(pass) firstDecidedDay > skips an entry whose timestamp will not parse [0.01ms]
(pass) buildActivitySeries > builds a running total of decided pages, oldest day first [0.13ms]
(pass) buildActivitySeries > counts each page once, on the day it was first decided [0.08ms]
(pass) buildActivitySeries > returns an empty series when nothing has been decided [0.02ms]
(pass) buildActivitySeries > ignores saved records for page keys the site no longer has [0.03ms]
(pass) buildActivitySeries > counts every record when no key set is supplied [0.02ms]
(pass) buildActivitySeries > tolerates a missing or non-object pages map [0.01ms]
(pass) buildChecksSeries > sorts by pass rate ascending so failing pages come first [0.10ms]
(pass) buildChecksSeries > breaks ties on page key so equal scores hold a stable order [0.02ms]
(pass) buildChecksSeries > excludes pages whose checks never ran [0.01ms]
(pass) buildChecksSeries > computes a whole-percentage pass rate and falls back to the page key for a title [0.02ms]
(pass) buildChecksSeries > treats a missing passed count as zero rather than NaN
(pass) insightsSignature > is stable for identical data [0.15ms]
(pass) insightsSignature > changes when a decision changes [0.03ms]
(pass) insightsSignature > changes when a check result changes [0.03ms]
(pass) insightsSignature > changes when a page title changes but its pass rate does not [0.05ms]
(pass) insightsSignature > changes when passed/total change but the rounded percentage does not [0.04ms]
(pass) insightsSignature > is unchanged by row order, since the charts sort their own data [0.04ms]
(pass) buildInsightsModel checksFailing > carries only the pages with failing checks [0.03ms]
(pass) buildInsightsModel checksFailing > is empty when every page passes, so the card can say so [0.04ms]
(pass) buildInsightsModel > assembles all three series and the page total [0.11ms]

tests/review-ops-data.test.js:
(pass) findOrphanedRecords > reports records whose page key is not part of the site [3.38ms]
(pass) findOrphanedRecords > reports nothing when every record matches a real page [0.03ms]
(pass) findOrphanedRecords > reports NOTHING when the key set is empty, rather than everything [0.02ms]
(pass) findOrphanedRecords > accepts an array of keys as well as a Set [0.01ms]
(pass) findOrphanedRecords > sorts the result so the list is stable between renders [0.02ms]
(pass) findOrphanedRecords > tolerates a missing pages map [0.02ms]
(pass) groupBySyncState > keeps the three states of local_dirty apart [0.07ms]
(pass) groupBySyncState > treats a non-boolean flag as unknown rather than truthy [0.02ms]
(pass) groupBySyncState > tolerates a missing pages map
(pass) findRecordsWithoutHistory > reports a decided page carrying no recorded round [0.05ms]
(pass) findRecordsWithoutHistory > ignores a page that was never decided [0.01ms]
(pass) findRecordsWithoutHistory > ignores a decided page that has its rounds [0.02ms]
(pass) findRecordsWithoutHistory > treats a missing history array as no rounds [0.01ms]
(pass) countRounds > sums recorded rounds across every page [0.05ms]
(pass) countRounds > is zero for an empty or missing map [0.01ms]
(pass) measureStorage > measures bytes, not characters [0.08ms]
(pass) measureStorage > scales the label from bytes to KB to MB [1.42ms]
(pass) measureStorage > reports zero for a missing blob rather than throwing [0.06ms]
(pass) buildOpsReport > assembles every diagnostic in one pass [0.20ms]
(pass) buildOpsReport > returns a usable report for a browser with no review state [0.03ms]

tests/sfds-tokens.test.js:
(pass) the --sfds-* namespace > is used by no file outside css/sfds.css and its migrated consumers [1.29ms]
(pass) css/sfds.css against the vendored capture > declares every base token at the captured value [0.31ms]
(pass) css/sfds.css against the vendored capture > redeclares every desktop token at the captured value [0.03ms]

tests/review-api-server.test.js:
(pass) review-state API (server.ts) > rejects requests without a valid bearer token [0.67ms]
(pass) review-state API (server.ts) > GET returns empty state before anything is written [1.78ms]
(pass) review-state API (server.ts) > PUT merges a patch and returns the merged record with a history entry [21.30ms]
(pass) review-state API (server.ts) > a second PUT to the same page merges onto the prior record instead of replacing it [17.98ms]
(pass) review-state API (server.ts) > PUTs to different page_keys never clobber each other [18.56ms]
(pass) review-state API (server.ts) > rejects a non-object JSON body [1.01ms]
(pass) review-state API (server.ts) > accepts a record with a long append-only history [24.59ms]
(pass) review-state API (server.ts) > rejects an oversized body with 413 before parsing or merging it [22.86ms]
(pass) review-state API (server.ts) > rejects a body that fails schema validation (invalid decision enum value) [3.62ms]
(pass) review-state API (server.ts) > rejects a stale push whose synced_at is older than the server has, without overwriting it [26.57ms]
(pass) review-state API (server.ts) > accepts a push whose synced_at is newer than the server record [15.01ms]
(pass) review-state API (server.ts) > a push with no synced_at is accepted for a page the server has never seen (true first sync) [13.88ms]
(pass) review-state API (server.ts) > a push with no synced_at against an EXISTING row is rejected, not treated as first sync [4.81ms]
(pass) review-state API (server.ts) > blocks dotfile paths from static serving instead of exposing the SQLite DB [1.34ms]
(pass) review-state API (server.ts) > answers a non-CORS preflight without requiring auth or adding a wildcard origin [0.84ms]
(pass) review-state API without REVIEW_API_TOKEN configured > fails closed (501), not open, when no token is configured on the server [1.08ms]
(pass) review-state API (server.ts) with STATIC_ROOT set but empty > does not serve repository source files [1.71ms]
(pass) review-state API (server.ts) with STATIC_ROOT set but empty > still serves the built application from dist/ [1.16ms]
(pass) optional API principal roles, CORS, and rate limits > enforces separate review read and write roles before touching review state [22.90ms]
(pass) optional API principal roles, CORS, and rate limits > requires the AI generation role for AI discovery and generation routes [12.86ms]
(pass) optional API principal roles, CORS, and rate limits > reflects only trusted and same origins, and rejects an untrusted preflight [7.34ms]
(pass) optional API principal roles, CORS, and rate limits > limits authenticated principals in bounded role-specific buckets [3.64ms]
(pass) optional API invalid security configuration > fails closed instead of falling back to REVIEW_API_TOKEN [4.09ms]
(pass) optional API invalid CORS configuration > fails closed when an origin allowlist entry is not an exact origin [0.69ms]
(pass) reviewer session sign-in > reports whether sign-in is available without requiring a credential [1.25ms]
(pass) reviewer session sign-in > rejects the wrong password and issues no cookie [3.08ms]
(pass) reviewer session sign-in > a signed-in cookie authenticates the review API [7.47ms]
(pass) reviewer session sign-in > a forged signature is rejected [1.12ms]
(pass) reviewer session sign-in > an expired assertion is rejected even though it is well formed [1.29ms]
(pass) reviewer session sign-in > a session cannot reach the paid AI routes [6.15ms]
(pass) reviewer session sign-in > signing out stops the cookie working [4.77ms]
(pass) reviewer session sign-in > bearer tokens still authenticate alongside sessions [1.22ms]
(pass) reviewer session without a password configured > sign-in fails closed with 501 rather than accepting anything [0.65ms]

tests/inline-content-edit-adapter.test.js:
(pass) FIELD_TYPES > splits into exactly the five scalar and two item field kinds [0.08ms]
(pass) FIELD_TYPES > markdownText is scalar for committing but markdown-bearing for editing [0.03ms]
(pass) FIELD_TYPES > a markdownText round trip preserves an inline link and returns a plain string [0.19ms]
(pass) FIELD_TYPES > the same value edited as a heading would lose the link markup [0.07ms]
(pass) markdownToEditingHtml > returns plain text unchanged when it carries no markdown [0.01ms]
(pass) markdownToEditingHtml > converts **bold** to a <b> tag [0.01ms]
(pass) markdownToEditingHtml > converts an internal page-key link to a data-render-target anchor [0.01ms]
(pass) markdownToEditingHtml > converts an external https:// link to a target=_blank anchor
(pass) markdownToEditingHtml > escapes HTML special characters before applying markdown [0.02ms]
(pass) markdownToEditingHtml > escapes an apostrophe as &#39; [0.01ms]
(pass) markdownToEditingHtml > bold wrapping a link survives as a nested tag, matching formatMarkdown order
(pass) markdownToEditingHtml > a link whose label is bold survives as a nested tag
(pass) markdownToEditingHtml > a non-string input returns an empty string rather than throwing [0.01ms]
(pass) markdownToEditingHtml > an unbalanced ** or [ with no matching close passes through literally
(pass) editingHtmlToMarkdown > is the exact inverse of markdownToEditingHtml for plain text
(pass) editingHtmlToMarkdown > converts a <b> tag back to **bold** [0.01ms]
(pass) editingHtmlToMarkdown > also recognizes <strong> as bold, matching whichever tag a real Bold tool emits
(pass) editingHtmlToMarkdown > converts a data-render-target anchor back to an internal link
(pass) editingHtmlToMarkdown > converts an external anchor back to an https:// link [0.01ms]
(pass) editingHtmlToMarkdown > unescapes HTML entities back to their literal characters [0.02ms]
(pass) editingHtmlToMarkdown > strips an unrecognized tag while keeping its text content
(pass) editingHtmlToMarkdown > a non-string input returns an empty string rather than throwing [0.02ms]
(pass) plainTextToEditingHtml > escapes HTML special characters and applies no markdown syntax
(pass) plainTextToEditingHtml > leaves ** and [label](target) syntax as literal characters, unlike markdownToEditingHtml
(pass) plainTextToEditingHtml > a non-string input returns an empty string rather than throwing
(pass) editingHtmlToPlainText > unescapes HTML entities back to their literal characters [0.01ms]
(pass) editingHtmlToPlainText > strips a real <b>/<a> tag down to its text content, unlike editingHtmlToMarkdown [0.01ms]
(pass) editingHtmlToPlainText > a non-string input returns an empty string rather than throwing
(pass) pageValueToEditorData > wraps a plain string as one paragraph block [0.02ms]
(pass) pageValueToEditorData > a scalar field type never converts ** or [label](target) into markup [0.01ms]
(pass) pageValueToEditorData > an item field type DOES convert ** and [label](target) into markup [0.01ms]
(pass) pageValueToEditorData > a non-string value is treated as empty
(pass) editorDataToPageValue > a scalar field type resolves to a plain string [0.03ms]
(pass) editorDataToPageValue > title is a scalar field type that returns a plain string [0.01ms]
(pass) editorDataToPageValue > summary is a scalar field type that returns a plain string
(pass) editorDataToPageValue > primaryCta is a scalar field type that returns a plain string
(pass) editorDataToPageValue > heading is a scalar field type that returns a plain string
(pass) editorDataToPageValue > markdownText is a scalar field type that returns a plain string [0.02ms]
(pass) editorDataToPageValue > paragraph is an item field type that wraps the result as an unverified tagged object [0.02ms]
(pass) editorDataToPageValue > bullet is an item field type that wraps the result as an unverified tagged object
(pass) editorDataToPageValue > a scalar field strips a real <b> tag to plain text rather than encoding **bold** [0.01ms]
(pass) editorDataToPageValue > an item field type still encodes a real <b> tag as **bold** markdown [0.02ms]
(pass) editorDataToPageValue > multiple paragraph blocks are joined rather than truncated to the first [0.02ms]
(pass) editorDataToPageValue > a non-paragraph block is dropped rather than throwing [0.03ms]
(pass) editorDataToPageValue > missing or malformed blocks resolve to an empty string, never throwing [0.02ms]
(pass) fixed-point round trip: editorDataToPageValue(pageValueToEditorData(x)) === x > scalar field round-trips "Just plain copy." unchanged [0.04ms]
(pass) fixed-point round trip: editorDataToPageValue(pageValueToEditorData(x)) === x > scalar field round-trips "Read **carefully** please." unchanged
(pass) fixed-point round trip: editorDataToPageValue(pageValueToEditorData(x)) === x > scalar field round-trips "See [the pests page](pestsTopic)." unchanged
(pass) fixed-point round trip: editorDataToPageValue(pageValueToEditorData(x)) === x > scalar field round-trips "See [SF.gov](https://sf.gov/)." unchanged
(pass) fixed-point round trip: editorDataToPageValue(pageValueToEditorData(x)) === x > scalar field round-trips "Tenants & landlords <see> \"notes\"." unchanged
(pass) fixed-point round trip: editorDataToPageValue(pageValueToEditorData(x)) === x > scalar field round-trips "Owner's responsibility." unchanged
(pass) fixed-point round trip: editorDataToPageValue(pageValueToEditorData(x)) === x > scalar field round-trips "**[Report it](pestsTopic)**" unchanged
(pass) fixed-point round trip: editorDataToPageValue(pageValueToEditorData(x)) === x > scalar field round-trips "[**Report it**](pestsTopic)" unchanged
(pass) fixed-point round trip: editorDataToPageValue(pageValueToEditorData(x)) === x > scalar field round-trips "AT&T is not a markdown entity." unchanged [0.02ms]
(pass) fixed-point round trip: editorDataToPageValue(pageValueToEditorData(x)) === x > scalar field round-trips "5 < 10 & 10 > 5." unchanged [0.01ms]
(pass) fixed-point round trip: editorDataToPageValue(pageValueToEditorData(x)) === x > scalar field round-trips "A stray ** with no close." unchanged
(pass) fixed-point round trip: editorDataToPageValue(pageValueToEditorData(x)) === x > scalar field round-trips "A stray [ with no close." unchanged
(pass) fixed-point round trip: editorDataToPageValue(pageValueToEditorData(x)) === x > scalar field round-trips "" unchanged
(pass) fixed-point round trip: editorDataToPageValue(pageValueToEditorData(x)) === x > item field round-trips "Just plain copy." unchanged in its .text [0.03ms]
(pass) fixed-point round trip: editorDataToPageValue(pageValueToEditorData(x)) === x > item field round-trips "Read **carefully** please." unchanged in its .text
(pass) fixed-point round trip: editorDataToPageValue(pageValueToEditorData(x)) === x > item field round-trips "See [the pests page](pestsTopic)." unchanged in its .text [0.01ms]
(pass) fixed-point round trip: editorDataToPageValue(pageValueToEditorData(x)) === x > item field round-trips "See [SF.gov](https://sf.gov/)." unchanged in its .text
(pass) fixed-point round trip: editorDataToPageValue(pageValueToEditorData(x)) === x > item field round-trips "Tenants & landlords <see> \"notes\"." unchanged in its .text [0.01ms]
(pass) fixed-point round trip: editorDataToPageValue(pageValueToEditorData(x)) === x > item field round-trips "Owner's responsibility." unchanged in its .text
(pass) fixed-point round trip: editorDataToPageValue(pageValueToEditorData(x)) === x > item field round-trips "**[Report it](pestsTopic)**" unchanged in its .text
(pass) fixed-point round trip: editorDataToPageValue(pageValueToEditorData(x)) === x > item field round-trips "[**Report it**](pestsTopic)" unchanged in its .text
(pass) fixed-point round trip: editorDataToPageValue(pageValueToEditorData(x)) === x > item field round-trips "AT&T is not a markdown entity." unchanged in its .text [0.02ms]
(pass) fixed-point round trip: editorDataToPageValue(pageValueToEditorData(x)) === x > item field round-trips "5 < 10 & 10 > 5." unchanged in its .text
(pass) fixed-point round trip: editorDataToPageValue(pageValueToEditorData(x)) === x > item field round-trips "A stray ** with no close." unchanged in its .text
(pass) fixed-point round trip: editorDataToPageValue(pageValueToEditorData(x)) === x > item field round-trips "A stray [ with no close." unchanged in its .text
(pass) fixed-point round trip: editorDataToPageValue(pageValueToEditorData(x)) === x > item field round-trips "" unchanged in its .text
(pass) fixed-point round trip: editorDataToPageValue(pageValueToEditorData(x)) === x > against every string in the real page corpus > the corpus sweep actually found a non-trivial number of strings [0.02ms]
(pass) fixed-point round trip: editorDataToPageValue(pageValueToEditorData(x)) === x > against every string in the real page corpus > 2$s round-trips unchanged [0.03ms]
(pass) fixed-point round trip: editorDataToPageValue(pageValueToEditorData(x)) === x > against every string in the real page corpus > 2$s round-trips unchanged
(pass) fixed-point round trip: editorDataToPageValue(pageValueToEditorData(x)) === x > against every string in the real page corpus > 2$s round-trips unchanged
(pass) fixed-point round trip: editorDataToPageValue(pageValueToEditorData(x)) === x > against every string in the real page corpus > 2$s round-trips unchanged
(pass) fixed-point round trip: editorDataToPageValue(pageValueToEditorData(x)) === x > against every string in the real page corpus > 2$s round-trips unchanged
(pass) fixed-point round trip: editorDataToPageValue(pageValueToEditorData(x)) === x > against every string in the real page corpus > 2$s round-trips unchanged
(pass) fixed-point round trip: editorDataToPageValue(pageValueToEditorData(x)) === x > against every string in the real page corpus > 2$s round-trips unchanged
(pass) fixed-point round trip: editorDataToPageValue(pageValueToEditorData(x)) === x > against every string in the real page corpus > 2$s round-trips unchanged
(pass) fixed-point round trip: editorDataToPageValue(pageValueToEditorData(x)) === x > against every string in the real page corpus > 2$s round-trips unchanged
(pass) fixed-point round trip: editorDataToPageValue(pageValueToEditorData(x)) === x > against every string in the real page corpus > 2$s round-trips unchanged
(pass) fixed-point round trip: editorDataToPageValue(pageValueToEditorData(x)) === x > against every string in the real page corpus > 2$s round-trips unchanged
(pass) fixed-point round trip: editorDataToPageValue(pageValueToEditorData(x)) === x > against every string in the real page corpus > 2$s round-trips unchanged
(pass) fixed-point round trip: editorDataToPageValue(pageValueToEditorData(x)) === x > against every string in the real page corpus > 2$s round-trips unchanged
(pass) fixed-point round trip: editorDataToPageValue(pageValueToEditorData(x)) === x > against every string in the real page corpus > 2$s round-trips unchanged
(pass) fixed-point round trip: editorDataToPageValue(pageValueToEditorData(x)) === x > against every string in the real page corpus > 2$s round-trips unchanged
(pass) fixed-point round trip: editorDataToPageValue(pageValueToEditorData(x)) === x > against every string in the real page corpus > 2$s round-trips unchanged
(pass) fixed-point round trip: editorDataToPageValue(pageValueToEditorData(x)) === x > against every string in the real page corpus > 2$s round-trips unchanged
(pass) fixed-point round trip: editorDataToPageValue(pageValueToEditorData(x)) === x > against every string in the real page corpus > 2$s round-trips unchanged
(pass) fixed-point round trip: editorDataToPageValue(pageValueToEditorData(x)) === x > against every string in the real page corpus > 2$s round-trips unchanged
(pass) fixed-point round trip: editorDataToPageValue(pageValueToEditorData(x)) === x > against every string in the real page corpus > 2$s round-trips unchanged
(pass) fixed-point round trip: editorDataToPageValue(pageValueToEditorData(x)) === x > against every string in the real page corpus > 2$s round-trips unchanged
(pass) fixed-point round trip: editorDataToPageValue(pageValueToEditorData(x)) === x > against every string in the real page corpus > 2$s round-trips unchanged
(pass) fixed-point round trip: editorDataToPageValue(pageValueToEditorData(x)) === x > against every string in the real page corpus > 2$s round-trips unchanged
(pass) fixed-point round trip: editorDataToPageValue(pageValueToEditorData(x)) === x > against every string in the real page corpus > 2$s round-trips unchanged
(pass) fixed-point round trip: editorDataToPageValue(pageValueToEditorData(x)) === x > against every string in the real page corpus > 2$s round-trips unchanged [0.01ms]
(pass) fixed-point round trip: editorDataToPageValue(pageValueToEditorData(x)) === x > against every string in the real page corpus > 2$s round-trips unchanged
(pass) fixed-point round trip: editorDataToPageValue(pageValueToEditorData(x)) === x > against every string in the real page corpus > 2$s round-trips unchanged
(pass) fixed-point round trip: editorDataToPageValue(pageValueToEditorData(x)) === x > against every string in the real page corpus > 2$s round-trips unchanged [0.01ms]
(pass) fixed-point round trip: editorDataToPageValue(pageValueToEditorData(x)) === x > against every string in the real page corpus > 2$s round-trips unchanged
(pass) fixed-point round trip: editorDataToPageValue(pageValueToEditorData(x)) === x > against every string in the real page corpus > 2$s round-trips unchanged
(pass) fixed-point round trip: editorDataToPageValue(pageValueToEditorData(x)) === x > against every string in the real page corpus > 2$s round-trips unchanged
(pass) fixed-point round trip: editorDataToPageValue(pageValueToEditorData(x)) === x > against every string in the real page corpus > 2$s round-trips unchanged [0.09ms]
(pass) fixed-point round trip: editorDataToPageValue(pageValueToEditorData(x)) === x > against every string in the real page corpus > 2$s round-trips unchanged
(pass) fixed-point round trip: editorDataToPageValue(pageValueToEditorData(x)) === x > against every string in the real page corpus > 2$s round-trips unchanged [0.02ms]
(pass) fixed-point round trip: editorDataToPageValue(pageValueToEditorData(x)) === x > against every string in the real page corpus > 2$s round-trips unchanged [0.07ms]
(pass) fixed-point round trip: editorDataToPageValue(pageValueToEditorData(x)) === x > against every string in the real page corpus > 2$s round-trips unchanged [0.01ms]
(pass) fixed-point round trip: editorDataToPageValue(pageValueToEditorData(x)) === x > against every string in the real page corpus > 2$s round-trips unchanged
(pass) fixed-point round trip: editorDataToPageValue(pageValueToEditorData(x)) === x > against every string in the real page corpus > 2$s round-trips unchanged
(pass) fixed-point round trip: editorDataToPageValue(pageValueToEditorData(x)) === x > against every string in the real page corpus > 2$s round-trips unchanged
(pass) fixed-point round trip: editorDataToPageValue(pageValueToEditorData(x)) === x > against every string in the real page corpus > 2$s round-trips unchanged
(pass) fixed-point round trip: editorDataToPageValue(pageValueToEditorData(x)) === x > against every string in the real page corpus > 2$s round-trips unchanged
(pass) fixed-point round trip: editorDataToPageValue(pageValueToEditorData(x)) === x > against every string in the real page corpus > 2$s round-trips unchanged
(pass) fixed-point round trip: editorDataToPageValue(pageValueToEditorData(x)) === x > against every string in the real page corpus > 2$s round-trips unchanged
(pass) fixed-point round trip: editorDataToPageValue(pageValueToEditorData(x)) === x > against every string in the real page corpus > 2$s round-trips unchanged
(pass) fixed-point round trip: editorDataToPageValue(pageValueToEditorData(x)) === x > against every string in the real page corpus > 2$s round-trips unchanged [0.01ms]
(pass) fixed-point round trip: editorDataToPageValue(pageValueToEditorData(x)) === x > against every string in the real page corpus > 2$s round-trips unchanged
(pass) fixed-point round trip: editorDataToPageValue(pageValueToEditorData(x)) === x > against every string in the real page corpus > 2$s round-trips unchanged [0.02ms]
(pass) fixed-point round trip: editorDataToPageValue(pageValueToEditorData(x)) === x > against every string in the real page corpus > 2$s round-trips unchanged
(pass) fixed-point round trip: editorDataToPageValue(pageValueToEditorData(x)) === x > against every string in the real page corpus > 2$s round-trips unchanged [0.01ms]
(pass) fixed-point round trip: editorDataToPageValue(pageValueToEditorData(x)) === x > against every string in the real page corpus > 2$s round-trips unchanged [0.02ms]
(pass) fixed-point round trip: editorDataToPageValue(pageValueToEditorData(x)) === x > against every string in the real page corpus > 2$s round-trips unchanged
(pass) fixed-point round trip: editorDataToPageValue(pageValueToEditorData(x)) === x > against every string in the real page corpus > 2$s round-trips unchanged
(pass) fixed-point round trip: editorDataToPageValue(pageValueToEditorData(x)) === x > against every string in the real page corpus > 2$s round-trips unchanged
(pass) fixed-point round trip: editorDataToPageValue(pageValueToEditorData(x)) === x > against every string in the real page corpus > 2$s round-trips unchanged
(pass) fixed-point round trip: editorDataToPageValue(pageValueToEditorData(x)) === x > against every string in the real page corpus > 2$s round-trips unchanged
(pass) fixed-point round trip: editorDataToPageValue(pageValueToEditorData(x)) === x > against every string in the real page corpus > 2$s round-trips unchanged
(pass) fixed-point round trip: editorDataToPageValue(pageValueToEditorData(x)) === x > against every string in the real page corpus > 2$s round-trips unchanged
(pass) fixed-point round trip: editorDataToPageValue(pageValueToEditorData(x)) === x > against every string in the real page corpus > 2$s round-trips unchanged
(pass) fixed-point round trip: editorDataToPageValue(pageValueToEditorData(x)) === x > against every string in the real page corpus > 2$s round-trips unchanged
(pass) fixed-point round trip: editorDataToPageValue(pageValueToEditorData(x)) === x > against every string in the real page corpus > 2$s round-trips unchanged
(pass) fixed-point round trip: editorDataToPageValue(pageValueToEditorData(x)) === x > against every string in the real page corpus > 2$s round-trips unchanged
(pass) fixed-point round trip: editorDataToPageValue(pageValueToEditorData(x)) === x > against every string in the real page corpus > 2$s round-trips unchanged
(pass) fixed-point round trip: editorDataToPageValue(pageValueToEditorData(x)) === x > against every string in the real page corpus > 2$s round-trips unchanged
(pass) fixed-point round trip: editorDataToPageValue(pageValueToEditorData(x)) === x > against every string in the real page corpus > 2$s round-trips unchanged
(pass) fixed-point round trip: editorDataToPageValue(pageValueToEditorData(x)) === x > against every string in the real page corpus > 2$s round-trips unchanged
(pass) fixed-point round trip: editorDataToPageValue(pageValueToEditorData(x)) === x > against every string in the real page corpus > 2$s round-trips unchanged
(pass) fixed-point round trip: editorDataToPageValue(pageValueToEditorData(x)) === x > against every string in the real page corpus > 2$s round-trips unchanged
(pass) fixed-point round trip: editorDataToPageValue(pageValueToEditorData(x)) === x > against every string in the real page corpus > 2$s round-trips unchanged
(pass) fixed-point round trip: editorDataToPageValue(pageValueToEditorData(x)) === x > against every string in the real page corpus > 2$s round-trips unchanged
(pass) fixed-point round trip: editorDataToPageValue(pageValueToEditorData(x)) === x > against every string in the real page corpus > 2$s round-trips unchanged
(pass) fixed-point round trip: editorDataToPageValue(pageValueToEditorData(x)) === x > against every string in the real page corpus > 2$s round-trips unchanged
(pass) fixed-point round trip: editorDataToPageValue(pageValueToEditorData(x)) === x > against every string in the real page corpus > 2$s round-trips unchanged
(pass) fixed-point round trip: editorDataToPageValue(pageValueToEditorData(x)) === x > against every string in the real page corpus > 2$s round-trips unchanged
(pass) fixed-point round trip: editorDataToPageValue(pageValueToEditorData(x)) === x > against every string in the real page corpus > 2$s round-trips unchanged
(pass) fixed-point round trip: editorDataToPageValue(pageValueToEditorData(x)) === x > against every string in the real page corpus > 2$s round-trips unchanged
(pass) fixed-point round trip: editorDataToPageValue(pageValueToEditorData(x)) === x > against every string in the real page corpus > 2$s round-trips unchanged
(pass) fixed-point round trip: editorDataToPageValue(pageValueToEditorData(x)) === x > against every string in the real page corpus > 2$s round-trips unchanged
(pass) fixed-point round trip: editorDataToPageValue(pageValueToEditorData(x)) === x > against every string in the real page corpus > 2$s round-trips unchanged
(pass) fixed-point round trip: editorDataToPageValue(pageValueToEditorData(x)) === x > against every string in the real page corpus > 2$s round-trips unchanged
(pass) fixed-point round trip: editorDataToPageValue(pageValueToEditorData(x)) === x > against every string in the real page corpus > 2$s round-trips unchanged
(pass) fixed-point round trip: editorDataToPageValue(pageValueToEditorData(x)) === x > against every string in the real page corpus > 2$s round-trips unchanged
(pass) fixed-point round trip: editorDataToPageValue(pageValueToEditorData(x)) === x > against every string in the real page corpus > 2$s round-trips unchanged
(pass) fixed-point round trip: editorDataToPageValue(pageValueToEditorData(x)) === x > against every string in the real page corpus > 2$s round-trips unchanged
(pass) fixed-point round trip: editorDataToPageValue(pageValueToEditorData(x)) === x > against every string in the real page corpus > 2$s round-trips unchanged
(pass) fixed-point round trip: editorDataToPageValue(pageValueToEditorData(x)) === x > against every string in the real page corpus > 2$s round-trips unchanged
(pass) fixed-point round trip: editorDataToPageValue(pageValueToEditorData(x)) === x > against every string in the real page corpus > 2$s round-trips unchanged
(pass) fixed-point round trip: editorDataToPageValue(pageValueToEditorData(x)) === x > against every string in the real page corpus > 2$s round-trips unchanged
(pass) fixed-point round trip: editorDataToPageValue(pageValueToEditorData(x)) === x > against every string in the real page corpus > 2$s round-trips unchanged
(pass) fixed-point round trip: editorDataToPageValue(pageValueToEditorData(x)) === x > against every string in the real page corpus > 2$s round-trips unchanged
(pass) fixed-point round trip: editorDataToPageValue(pageValueToEditorData(x)) === x > against every string in the real page corpus > 2$s round-trips unchanged
(pass) fixed-point round trip: editorDataToPageValue(pageValueToEditorData(x)) === x > against every string in the real page corpus > 2$s round-trips unchanged
(pass) fixed-point round trip: editorDataToPageValue(pageValueToEditorData(x)) === x > against every string in the real page corpus > 2$s round-trips unchanged
(pass) fixed-point round trip: editorDataToPageValue(pageValueToEditorData(x)) === x > against every string in the real page corpus > 2$s round-trips unchanged
(pass) fixed-point round trip: editorDataToPageValue(pageValueToEditorData(x)) === x > against every string in the real page corpus > 2$s round-trips unchanged [0.02ms]
(pass) fixed-point round trip: editorDataToPageValue(pageValueToEditorData(x)) === x > against every string in the real page corpus > 2$s round-trips unchanged
(pass) fixed-point round trip: editorDataToPageValue(pageValueToEditorData(x)) === x > against every string in the real page corpus > 2$s round-trips unchanged
(pass) fixed-point round trip: editorDataToPageValue(pageValueToEditorData(x)) === x > against every string in the real page corpus > 2$s round-trips unchanged [0.01ms]
(pass) fixed-point round trip: editorDataToPageValue(pageValueToEditorData(x)) === x > against every string in the real page corpus > 2$s round-trips unchanged
(pass) fixed-point round trip: editorDataToPageValue(pageValueToEditorData(x)) === x > against every string in the real page corpus > 2$s round-trips unchanged
(pass) fixed-point round trip: editorDataToPageValue(pageValueToEditorData(x)) === x > against every string in the real page corpus > 2$s round-trips unchanged
(pass) fixed-point round trip: editorDataToPageValue(pageValueToEditorData(x)) === x > against every string in the real page corpus > 2$s round-trips unchanged
(pass) fixed-point round trip: editorDataToPageValue(pageValueToEditorData(x)) === x > against every string in the real page corpus > 2$s round-trips unchanged
(pass) fixed-point round trip: editorDataToPageValue(pageValueToEditorData(x)) === x > against every string in the real page corpus > 2$s round-trips unchanged
(pass) fixed-point round trip: editorDataToPageValue(pageValueToEditorData(x)) === x > against every string in the real page corpus > 2$s round-trips unchanged
(pass) fixed-point round trip: editorDataToPageValue(pageValueToEditorData(x)) === x > against every string in the real page corpus > 2$s round-trips unchanged
(pass) fixed-point round trip: editorDataToPageValue(pageValueToEditorData(x)) === x > against every string in the real page corpus > 2$s round-trips unchanged
(pass) fixed-point round trip: editorDataToPageValue(pageValueToEditorData(x)) === x > against every string in the real page corpus > 2$s round-trips unchanged
(pass) fixed-point round trip: editorDataToPageValue(pageValueToEditorData(x)) === x > against every string in the real page corpus > 2$s round-trips unchanged
(pass) fixed-point round trip: editorDataToPageValue(pageValueToEditorData(x)) === x > against every string in the real page corpus > 2$s round-trips unchanged
(pass) fixed-point round trip: editorDataToPageValue(pageValueToEditorData(x)) === x > against every string in the real page corpus > 2$s round-trips unchanged
(pass) fixed-point round trip: editorDataToPageValue(pageValueToEditorData(x)) === x > against every string in the real page corpus > 2$s round-trips unchanged
(pass) fixed-point round trip: editorDataToPageValue(pageValueToEditorData(x)) === x > against every string in the real page corpus > 2$s round-trips unchanged
(pass) fixed-point round trip: editorDataToPageValue(pageValueToEditorData(x)) === x > against every string in the real page corpus > 2$s round-trips unchanged
(pass) fixed-point round trip: editorDataToPageValue(pageValueToEditorData(x)) === x > against every string in the real page corpus > 2$s round-trips unchanged
(pass) fixed-point round trip: editorDataToPageValue(pageValueToEditorData(x)) === x > against every string in the real page corpus > 2$s round-trips unchanged
(pass) fixed-point round trip: editorDataToPageValue(pageValueToEditorData(x)) === x > against every string in the real page corpus > 2$s round-trips unchanged
(pass) fixed-point round trip: editorDataToPageValue(pageValueToEditorData(x)) === x > against every string in the real page corpus > 2$s round-trips unchanged
(pass) fixed-point round trip: editorDataToPageValue(pageValueToEditorData(x)) === x > against every string in the real page corpus > 2$s round-trips unchanged
(pass) fixed-point round trip: editorDataToPageValue(pageValueToEditorData(x)) === x > against every string in the real page corpus > 2$s round-trips unchanged
(pass) fixed-point round trip: editorDataToPageValue(pageValueToEditorData(x)) === x > against every string in the real page corpus > 2$s round-trips unchanged
(pass) fixed-point round trip: editorDataToPageValue(pageValueToEditorData(x)) === x > against every string in the real page corpus > 2$s round-trips unchanged
(pass) fixed-point round trip: editorDataToPageValue(pageValueToEditorData(x)) === x > against every string in the real page corpus > 2$s round-trips unchanged
(pass) fixed-point round trip: editorDataToPageValue(pageValueToEditorData(x)) === x > against every string in the real page corpus > 2$s round-trips unchanged
(pass) fixed-point round trip: editorDataToPageValue(pageValueToEditorData(x)) === x > against every string in the real page corpus > 2$s round-trips unchanged
(pass) fixed-point round trip: editorDataToPageValue(pageValueToEditorData(x)) === x > against every string in the real page corpus > 2$s round-trips unchanged
(pass) fixed-point round trip: editorDataToPageValue(pageValueToEditorData(x)) === x > against every string in the real page corpus > 2$s round-trips unchanged
(pass) fixed-point round trip: editorDataToPageValue(pageValueToEditorData(x)) === x > against every string in the real page corpus > 2$s round-trips unchanged
(pass) fixed-point round trip: editorDataToPageValue(pageValueToEditorData(x)) === x > against every string in the real page corpus > 2$s round-trips unchanged
(pass) fixed-point round trip: editorDataToPageValue(pageValueToEditorData(x)) === x > against every string in the real page corpus > 2$s round-trips unchanged
(pass) fixed-point round trip: editorDataToPageValue(pageValueToEditorData(x)) === x > against every string in the real page corpus > 2$s round-trips unchanged
(pass) fixed-point round trip: editorDataToPageValue(pageValueToEditorData(x)) === x > against every string in the real page corpus > 2$s round-trips unchanged
(pass) fixed-point round trip: editorDataToPageValue(pageValueToEditorData(x)) === x > against every string in the real page corpus > 2$s round-trips unchanged
(pass) fixed-point round trip: editorDataToPageValue(pageValueToEditorData(x)) === x > against every string in the real page corpus > 2$s round-trips unchanged
(pass) fixed-point round trip: editorDataToPageValue(pageValueToEditorData(x)) === x > against every string in the real page corpus > 2$s round-trips unchanged
(pass) fixed-point round trip: editorDataToPageValue(pageValueToEditorData(x)) === x > against every string in the real page corpus > 2$s round-trips unchanged
(pass) fixed-point round trip: editorDataToPageValue(pageValueToEditorData(x)) === x > against every string in the real page corpus > 2$s round-trips unchanged
(pass) fixed-point round trip: editorDataToPageValue(pageValueToEditorData(x)) === x > against every string in the real page corpus > 2$s round-trips unchanged
(pass) fixed-point round trip: editorDataToPageValue(pageValueToEditorData(x)) === x > against every string in the real page corpus > 2$s round-trips unchanged
(pass) fixed-point round trip: editorDataToPageValue(pageValueToEditorData(x)) === x > against every string in the real page corpus > 2$s round-trips unchanged
(pass) fixed-point round trip: editorDataToPageValue(pageValueToEditorData(x)) === x > against every string in the real page corpus > 2$s round-trips unchanged
(pass) fixed-point round trip: editorDataToPageValue(pageValueToEditorData(x)) === x > against every string in the real page corpus > 2$s round-trips unchanged
(pass) fixed-point round trip: editorDataToPageValue(pageValueToEditorData(x)) === x > against every string in the real page corpus > 2$s round-trips unchanged
(pass) fixed-point round trip: editorDataToPageValue(pageValueToEditorData(x)) === x > against every string in the real page corpus > 2$s round-trips unchanged
(pass) fixed-point round trip: editorDataToPageValue(pageValueToEditorData(x)) === x > against every string in the real page corpus > 2$s round-trips unchanged
(pass) fixed-point round trip: editorDataToPageValue(pageValueToEditorData(x)) === x > against every string in the real page corpus > 2$s round-trips unchanged
(pass) fixed-point round trip: editorDataToPageValue(pageValueToEditorData(x)) === x > against every string in the real page corpus > 2$s round-trips unchanged
(pass) fixed-point round trip: editorDataToPageValue(pageValueToEditorData(x)) === x > against every string in the real page corpus > 2$s round-trips unchanged
(pass) fixed-point round trip: editorDataToPageValue(pageValueToEditorData(x)) === x > against every string in the real page corpus > 2$s round-trips unchanged
(pass) fixed-point round trip: editorDataToPageValue(pageValueToEditorData(x)) === x > against every string in the real page corpus > 2$s round-trips unchanged
(pass) fixed-point round trip: editorDataToPageValue(pageValueToEditorData(x)) === x > against every string in the real page corpus > 2$s round-trips unchanged
(pass) fixed-point round trip: editorDataToPageValue(pageValueToEditorData(x)) === x > against every string in the real page corpus > 2$s round-trips unchanged
(pass) fixed-point round trip: editorDataToPageValue(pageValueToEditorData(x)) === x > against every string in the real page corpus > 2$s round-trips unchanged
(pass) fixed-point round trip: editorDataToPageValue(pageValueToEditorData(x)) === x > against every string in the real page corpus > 2$s round-trips unchanged
(pass) fixed-point round trip: editorDataToPageValue(pageValueToEditorData(x)) === x > against every string in the real page corpus > 2$s round-trips unchanged
(pass) fixed-point round trip: editorDataToPageValue(pageValueToEditorData(x)) === x > against every string in the real page corpus > 2$s round-trips unchanged
(pass) fixed-point round trip: editorDataToPageValue(pageValueToEditorData(x)) === x > against every string in the real page corpus > 2$s round-trips unchanged [0.02ms]
(pass) fixed-point round trip: editorDataToPageValue(pageValueToEditorData(x)) === x > against every string in the real page corpus > 2$s round-trips unchanged
(pass) fixed-point round trip: editorDataToPageValue(pageValueToEditorData(x)) === x > against every string in the real page corpus > 2$s round-trips unchanged
(pass) fixed-point round trip: editorDataToPageValue(pageValueToEditorData(x)) === x > against every string in the real page corpus > 2$s round-trips unchanged
(pass) fixed-point round trip: editorDataToPageValue(pageValueToEditorData(x)) === x > against every string in the real page corpus > 2$s round-trips unchanged
(pass) fixed-point round trip: editorDataToPageValue(pageValueToEditorData(x)) === x > against every string in the real page corpus > 2$s round-trips unchanged
(pass) fixed-point round trip: editorDataToPageValue(pageValueToEditorData(x)) === x > against every string in the real page corpus > 2$s round-trips unchanged
(pass) fixed-point round trip: editorDataToPageValue(pageValueToEditorData(x)) === x > against every string in the real page corpus > 2$s round-trips unchanged
(pass) fixed-point round trip: editorDataToPageValue(pageValueToEditorData(x)) === x > against every string in the real page corpus > 2$s round-trips unchanged
(pass) fixed-point round trip: editorDataToPageValue(pageValueToEditorData(x)) === x > against every string in the real page corpus > 2$s round-trips unchanged
(pass) fixed-point round trip: editorDataToPageValue(pageValueToEditorData(x)) === x > against every string in the real page corpus > 2$s round-trips unchanged [0.02ms]
(pass) fixed-point round trip: editorDataToPageValue(pageValueToEditorData(x)) === x > against every string in the real page corpus > 2$s round-trips unchanged
(pass) fixed-point round trip: editorDataToPageValue(pageValueToEditorData(x)) === x > against every string in the real page corpus > 2$s round-trips unchanged
(pass) fixed-point round trip: editorDataToPageValue(pageValueToEditorData(x)) === x > against every string in the real page corpus > 2$s round-trips unchanged
(pass) fixed-point round trip: editorDataToPageValue(pageValueToEditorData(x)) === x > against every string in the real page corpus > 2$s round-trips unchanged
(pass) fixed-point round trip: editorDataToPageValue(pageValueToEditorData(x)) === x > against every string in the real page corpus > 2$s round-trips unchanged
(pass) fixed-point round trip: editorDataToPageValue(pageValueToEditorData(x)) === x > against every string in the real page corpus > 2$s round-trips unchanged
(pass) fixed-point round trip: editorDataToPageValue(pageValueToEditorData(x)) === x > against every string in the real page corpus > 2$s round-trips unchanged
(pass) fixed-point round trip: editorDataToPageValue(pageValueToEditorData(x)) === x > against every string in the real page corpus > 2$s round-trips unchanged
(pass) fixed-point round trip: editorDataToPageValue(pageValueToEditorData(x)) === x > against every string in the real page corpus > 2$s round-trips unchanged
(pass) fixed-point round trip: editorDataToPageValue(pageValueToEditorData(x)) === x > against every string in the real page corpus > 2$s round-trips unchanged
(pass) fixed-point round trip: editorDataToPageValue(pageValueToEditorData(x)) === x > against every string in the real page corpus > 2$s round-trips unchanged
(pass) fixed-point round trip: editorDataToPageValue(pageValueToEditorData(x)) === x > against every string in the real page corpus > 2$s round-trips unchanged
(pass) fixed-point round trip: editorDataToPageValue(pageValueToEditorData(x)) === x > against every string in the real page corpus > 2$s round-trips unchanged
(pass) fixed-point round trip: editorDataToPageValue(pageValueToEditorData(x)) === x > against every string in the real page corpus > 2$s round-trips unchanged
(pass) fixed-point round trip: editorDataToPageValue(pageValueToEditorData(x)) === x > against every string in the real page corpus > 2$s round-trips unchanged
(pass) fixed-point round trip: editorDataToPageValue(pageValueToEditorData(x)) === x > against every string in the real page corpus > 2$s round-trips unchanged
(pass) fixed-point round trip: editorDataToPageValue(pageValueToEditorData(x)) === x > against every string in the real page corpus > 2$s round-trips unchanged
(pass) fixed-point round trip: editorDataToPageValue(pageValueToEditorData(x)) === x > against every string in the real page corpus > 2$s round-trips unchanged
(pass) fixed-point round trip: editorDataToPageValue(pageValueToEditorData(x)) === x > against every string in the real page corpus > 2$s round-trips unchanged
(pass) fixed-point round trip: editorDataToPageValue(pageValueToEditorData(x)) === x > against every string in the real page corpus > 2$s round-trips unchanged
(pass) fixed-point round trip: editorDataToPageValue(pageValueToEditorData(x)) === x > against every string in the real page corpus > 2$s round-trips unchanged
(pass) fixed-point round trip: editorDataToPageValue(pageValueToEditorData(x)) === x > against every string in the real page corpus > 2$s round-trips unchanged
(pass) fixed-point round trip: editorDataToPageValue(pageValueToEditorData(x)) === x > against every string in the real page corpus > 2$s round-trips unchanged
(pass) fixed-point round trip: editorDataToPageValue(pageValueToEditorData(x)) === x > against every string in the real page corpus > 2$s round-trips unchanged
(pass) fixed-point round trip: editorDataToPageValue(pageValueToEditorData(x)) === x > against every string in the real page corpus > 2$s round-trips unchanged
(pass) fixed-point round trip: editorDataToPageValue(pageValueToEditorData(x)) === x > against every string in the real page corpus > 2$s round-trips unchanged
(pass) fixed-point round trip: editorDataToPageValue(pageValueToEditorData(x)) === x > against every string in the real page corpus > 2$s round-trips unchanged
(pass) fixed-point round trip: editorDataToPageValue(pageValueToEditorData(x)) === x > against every string in the real page corpus > 2$s round-trips unchanged
(pass) fixed-point round trip: editorDataToPageValue(pageValueToEditorData(x)) === x > against every string in the real page corpus > 2$s round-trips unchanged
(pass) fixed-point round trip: editorDataToPageValue(pageValueToEditorData(x)) === x > against every string in the real page corpus > 2$s round-trips unchanged
(pass) fixed-point round trip: editorDataToPageValue(pageValueToEditorData(x)) === x > against every string in the real page corpus > 2$s round-trips unchanged
(pass) fixed-point round trip: editorDataToPageValue(pageValueToEditorData(x)) === x > against every string in the real page corpus > 2$s round-trips unchanged
(pass) fixed-point round trip: editorDataToPageValue(pageValueToEditorData(x)) === x > against every string in the real page corpus > 2$s round-trips unchanged
(pass) fixed-point round trip: editorDataToPageValue(pageValueToEditorData(x)) === x > against every string in the real page corpus > 2$s round-trips unchanged
(pass) fixed-point round trip: editorDataToPageValue(pageValueToEditorData(x)) === x > against every string in the real page corpus > 2$s round-trips unchanged
(pass) fixed-point round trip: editorDataToPageValue(pageValueToEditorData(x)) === x > against every string in the real page corpus > 2$s round-trips unchanged
(pass) fixed-point round trip: editorDataToPageValue(pageValueToEditorData(x)) === x > against every string in the real page corpus > 2$s round-trips unchanged
(pass) fixed-point round trip: editorDataToPageValue(pageValueToEditorData(x)) === x > against every string in the real page corpus > 2$s round-trips unchanged
(pass) fixed-point round trip: editorDataToPageValue(pageValueToEditorData(x)) === x > against every string in the real page corpus > 2$s round-trips unchanged
(pass) fixed-point round trip: editorDataToPageValue(pageValueToEditorData(x)) === x > against every string in the real page corpus > 2$s round-trips unchanged
(pass) fixed-point round trip: editorDataToPageValue(pageValueToEditorData(x)) === x > against every string in the real page corpus > 2$s round-trips unchanged
(pass) fixed-point round trip: editorDataToPageValue(pageValueToEditorData(x)) === x > against every string in the real page corpus > 2$s round-trips unchanged
(pass) fixed-point round trip: editorDataToPageValue(pageValueToEditorData(x)) === x > against every string in the real page corpus > 2$s round-trips unchanged
(pass) fixed-point round trip: editorDataToPageValue(pageValueToEditorData(x)) === x > against every string in the real page corpus > 2$s round-trips unchanged
(pass) fixed-point round trip: editorDataToPageValue(pageValueToEditorData(x)) === x > against every string in the real page corpus > 2$s round-trips unchanged
(pass) fixed-point round trip: editorDataToPageValue(pageValueToEditorData(x)) === x > against every string in the real page corpus > 2$s round-trips unchanged
(pass) fixed-point round trip: editorDataToPageValue(pageValueToEditorData(x)) === x > against every string in the real page corpus > 2$s round-trips unchanged
(pass) fixed-point round trip: editorDataToPageValue(pageValueToEditorData(x)) === x > against every string in the real page corpus > 2$s round-trips unchanged
(pass) fixed-point round trip: editorDataToPageValue(pageValueToEditorData(x)) === x > against every string in the real page corpus > 2$s round-trips unchanged
(pass) fixed-point round trip: editorDataToPageValue(pageValueToEditorData(x)) === x > against every string in the real page corpus > 2$s round-trips unchanged
(pass) fixed-point round trip: editorDataToPageValue(pageValueToEditorData(x)) === x > against every string in the real page corpus > 2$s round-trips unchanged
(pass) fixed-point round trip: editorDataToPageValue(pageValueToEditorData(x)) === x > against every string in the real page corpus > 2$s round-trips unchanged [0.12ms]
(pass) fixed-point round trip: editorDataToPageValue(pageValueToEditorData(x)) === x > against every string in the real page corpus > 2$s round-trips unchanged [0.02ms]
(pass) fixed-point round trip: editorDataToPageValue(pageValueToEditorData(x)) === x > against every string in the real page corpus > 2$s round-trips unchanged
(pass) fixed-point round trip: editorDataToPageValue(pageValueToEditorData(x)) === x > against every string in the real page corpus > 2$s round-trips unchanged
(pass) fixed-point round trip: editorDataToPageValue(pageValueToEditorData(x)) === x > against every string in the real page corpus > 2$s round-trips unchanged [0.06ms]
(pass) fixed-point round trip: editorDataToPageValue(pageValueToEditorData(x)) === x > against every string in the real page corpus > 2$s round-trips unchanged [0.01ms]
(pass) fixed-point round trip: editorDataToPageValue(pageValueToEditorData(x)) === x > against every string in the real page corpus > 2$s round-trips unchanged
(pass) fixed-point round trip: editorDataToPageValue(pageValueToEditorData(x)) === x > against every string in the real page corpus > 2$s round-trips unchanged [0.01ms]
(pass) fixed-point round trip: editorDataToPageValue(pageValueToEditorData(x)) === x > against every string in the real page corpus > 2$s round-trips unchanged
(pass) fixed-point round trip: editorDataToPageValue(pageValueToEditorData(x)) === x > against every string in the real page corpus > 2$s round-trips unchanged
(pass) fixed-point round trip: editorDataToPageValue(pageValueToEditorData(x)) === x > against every string in the real page corpus > 2$s round-trips unchanged
(pass) fixed-point round trip: editorDataToPageValue(pageValueToEditorData(x)) === x > against every string in the real page corpus > 2$s round-trips unchanged
(pass) fixed-point round trip: editorDataToPageValue(pageValueToEditorData(x)) === x > against every string in the real page corpus > 2$s round-trips unchanged
(pass) fixed-point round trip: editorDataToPageValue(pageValueToEditorData(x)) === x > against every string in the real page corpus > 2$s round-trips unchanged
(pass) fixed-point round trip: editorDataToPageValue(pageValueToEditorData(x)) === x > against every string in the real page corpus > 2$s round-trips unchanged [0.03ms]
(pass) fixed-point round trip: editorDataToPageValue(pageValueToEditorData(x)) === x > against every string in the real page corpus > 2$s round-trips unchanged [0.02ms]
(pass) fixed-point round trip: editorDataToPageValue(pageValueToEditorData(x)) === x > against every string in the real page corpus > 2$s round-trips unchanged [0.01ms]
(pass) fixed-point round trip: editorDataToPageValue(pageValueToEditorData(x)) === x > against every string in the real page corpus > 2$s round-trips unchanged
(pass) fixed-point round trip: editorDataToPageValue(pageValueToEditorData(x)) === x > against every string in the real page corpus > 2$s round-trips unchanged
(pass) fixed-point round trip: editorDataToPageValue(pageValueToEditorData(x)) === x > against every string in the real page corpus > 2$s round-trips unchanged [0.02ms]
(pass) fixed-point round trip: editorDataToPageValue(pageValueToEditorData(x)) === x > against every string in the real page corpus > 2$s round-trips unchanged
(pass) fixed-point round trip: editorDataToPageValue(pageValueToEditorData(x)) === x > against every string in the real page corpus > 2$s round-trips unchanged
(pass) fixed-point round trip: editorDataToPageValue(pageValueToEditorData(x)) === x > against every string in the real page corpus > 2$s round-trips unchanged
(pass) fixed-point round trip: editorDataToPageValue(pageValueToEditorData(x)) === x > against every string in the real page corpus > 2$s round-trips unchanged [0.02ms]
(pass) fixed-point round trip: editorDataToPageValue(pageValueToEditorData(x)) === x > against every string in the real page corpus > 2$s round-trips unchanged [0.03ms]
(pass) fixed-point round trip: editorDataToPageValue(pageValueToEditorData(x)) === x > against every string in the real page corpus > 2$s round-trips unchanged
(pass) fixed-point round trip: editorDataToPageValue(pageValueToEditorData(x)) === x > against every string in the real page corpus > 2$s round-trips unchanged
(pass) fixed-point round trip: editorDataToPageValue(pageValueToEditorData(x)) === x > against every string in the real page corpus > 2$s round-trips unchanged
(pass) fixed-point round trip: editorDataToPageValue(pageValueToEditorData(x)) === x > against every string in the real page corpus > 2$s round-trips unchanged
(pass) fixed-point round trip: editorDataToPageValue(pageValueToEditorData(x)) === x > against every string in the real page corpus > 2$s round-trips unchanged
(pass) fixed-point round trip: editorDataToPageValue(pageValueToEditorData(x)) === x > against every string in the real page corpus > 2$s round-trips unchanged [0.02ms]
(pass) fixed-point round trip: editorDataToPageValue(pageValueToEditorData(x)) === x > against every string in the real page corpus > 2$s round-trips unchanged [0.02ms]
(pass) fixed-point round trip: editorDataToPageValue(pageValueToEditorData(x)) === x > against every string in the real page corpus > 2$s round-trips unchanged
(pass) fixed-point round trip: editorDataToPageValue(pageValueToEditorData(x)) === x > against every string in the real page corpus > 2$s round-trips unchanged
(pass) fixed-point round trip: editorDataToPageValue(pageValueToEditorData(x)) === x > against every string in the real page corpus > 2$s round-trips unchanged
(pass) fixed-point round trip: editorDataToPageValue(pageValueToEditorData(x)) === x > against every string in the real page corpus > 2$s round-trips unchanged [0.02ms]
(pass) fixed-point round trip: editorDataToPageValue(pageValueToEditorData(x)) === x > against every string in the real page corpus > 2$s round-trips unchanged
(pass) fixed-point round trip: editorDataToPageValue(pageValueToEditorData(x)) === x > against every string in the real page corpus > 2$s round-trips unchanged
(pass) fixed-point round trip: editorDataToPageValue(pageValueToEditorData(x)) === x > against every string in the real page corpus > 2$s round-trips unchanged
(pass) fixed-point round trip: editorDataToPageValue(pageValueToEditorData(x)) === x > against every string in the real page corpus > 2$s round-trips unchanged
(pass) fixed-point round trip: editorDataToPageValue(pageValueToEditorData(x)) === x > against every string in the real page corpus > 2$s round-trips unchanged
(pass) fixed-point round trip: editorDataToPageValue(pageValueToEditorData(x)) === x > against every string in the real page corpus > 2$s round-trips unchanged
(pass) fixed-point round trip: editorDataToPageValue(pageValueToEditorData(x)) === x > against every string in the real page corpus > 2$s round-trips unchanged
(pass) fixed-point round trip: editorDataToPageValue(pageValueToEditorData(x)) === x > against every string in the real page corpus > 2$s round-trips unchanged
(pass) fixed-point round trip: editorDataToPageValue(pageValueToEditorData(x)) === x > against every string in the real page corpus > 2$s round-trips unchanged
(pass) fixed-point round trip: editorDataToPageValue(pageValueToEditorData(x)) === x > against every string in the real page corpus > 2$s round-trips unchanged
(pass) fixed-point round trip: editorDataToPageValue(pageValueToEditorData(x)) === x > against every string in the real page corpus > 2$s round-trips unchanged [0.02ms]
(pass) fixed-point round trip: editorDataToPageValue(pageValueToEditorData(x)) === x > against every string in the real page corpus > 2$s round-trips unchanged
(pass) fixed-point round trip: editorDataToPageValue(pageValueToEditorData(x)) === x > against every string in the real page corpus > 2$s round-trips unchanged [0.02ms]
(pass) fixed-point round trip: editorDataToPageValue(pageValueToEditorData(x)) === x > against every string in the real page corpus > 2$s round-trips unchanged [0.02ms]
(pass) fixed-point round trip: editorDataToPageValue(pageValueToEditorData(x)) === x > against every string in the real page corpus > 2$s round-trips unchanged
(pass) fixed-point round trip: editorDataToPageValue(pageValueToEditorData(x)) === x > against every string in the real page corpus > 2$s round-trips unchanged [0.02ms]
(pass) fixed-point round trip: editorDataToPageValue(pageValueToEditorData(x)) === x > against every string in the real page corpus > 2$s round-trips unchanged [0.06ms]
(pass) fixed-point round trip: editorDataToPageValue(pageValueToEditorData(x)) === x > against every string in the real page corpus > 2$s round-trips unchanged [0.01ms]
(pass) fixed-point round trip: editorDataToPageValue(pageValueToEditorData(x)) === x > against every string in the real page corpus > 2$s round-trips unchanged
(pass) fixed-point round trip: editorDataToPageValue(pageValueToEditorData(x)) === x > against every string in the real page corpus > 2$s round-trips unchanged
(pass) fixed-point round trip: editorDataToPageValue(pageValueToEditorData(x)) === x > against every string in the real page corpus > 2$s round-trips unchanged
(pass) fixed-point round trip: editorDataToPageValue(pageValueToEditorData(x)) === x > against every string in the real page corpus > 2$s round-trips unchanged
(pass) fixed-point round trip: editorDataToPageValue(pageValueToEditorData(x)) === x > against every string in the real page corpus > 2$s round-trips unchanged
(pass) fixed-point round trip: editorDataToPageValue(pageValueToEditorData(x)) === x > against every string in the real page corpus > 2$s round-trips unchanged
(pass) fixed-point round trip: editorDataToPageValue(pageValueToEditorData(x)) === x > against every string in the real page corpus > 2$s round-trips unchanged
(pass) fixed-point round trip: editorDataToPageValue(pageValueToEditorData(x)) === x > against every string in the real page corpus > 2$s round-trips unchanged
(pass) fixed-point round trip: editorDataToPageValue(pageValueToEditorData(x)) === x > against every string in the real page corpus > 2$s round-trips unchanged [0.01ms]
(pass) fixed-point round trip: editorDataToPageValue(pageValueToEditorData(x)) === x > against every string in the real page corpus > 2$s round-trips unchanged
(pass) fixed-point round trip: editorDataToPageValue(pageValueToEditorData(x)) === x > against every string in the real page corpus > 2$s round-trips unchanged
(pass) fixed-point round trip: editorDataToPageValue(pageValueToEditorData(x)) === x > against every string in the real page corpus > 2$s round-trips unchanged
(pass) fixed-point round trip: editorDataToPageValue(pageValueToEditorData(x)) === x > against every string in the real page corpus > 2$s round-trips unchanged
(pass) fixed-point round trip: editorDataToPageValue(pageValueToEditorData(x)) === x > against every string in the real page corpus > 2$s round-trips unchanged
(pass) fixed-point round trip: editorDataToPageValue(pageValueToEditorData(x)) === x > against every string in the real page corpus > 2$s round-trips unchanged
(pass) fixed-point round trip: editorDataToPageValue(pageValueToEditorData(x)) === x > against every string in the real page corpus > 2$s round-trips unchanged
(pass) fixed-point round trip: editorDataToPageValue(pageValueToEditorData(x)) === x > against every string in the real page corpus > 2$s round-trips unchanged
(pass) fixed-point round trip: editorDataToPageValue(pageValueToEditorData(x)) === x > against every string in the real page corpus > 2$s round-trips unchanged
(pass) fixed-point round trip: editorDataToPageValue(pageValueToEditorData(x)) === x > against every string in the real page corpus > 2$s round-trips unchanged
(pass) fixed-point round trip: editorDataToPageValue(pageValueToEditorData(x)) === x > against every string in the real page corpus > 2$s round-trips unchanged
(pass) fixed-point round trip: editorDataToPageValue(pageValueToEditorData(x)) === x > against every string in the real page corpus > 2$s round-trips unchanged
(pass) fixed-point round trip: editorDataToPageValue(pageValueToEditorData(x)) === x > against every string in the real page corpus > 2$s round-trips unchanged
(pass) fixed-point round trip: editorDataToPageValue(pageValueToEditorData(x)) === x > against every string in the real page corpus > 2$s round-trips unchanged
(pass) fixed-point round trip: editorDataToPageValue(pageValueToEditorData(x)) === x > against every string in the real page corpus > 2$s round-trips unchanged
(pass) fixed-point round trip: editorDataToPageValue(pageValueToEditorData(x)) === x > against every string in the real page corpus > 2$s round-trips unchanged
(pass) fixed-point round trip: editorDataToPageValue(pageValueToEditorData(x)) === x > against every string in the real page corpus > 2$s round-trips unchanged
(pass) fixed-point round trip: editorDataToPageValue(pageValueToEditorData(x)) === x > against every string in the real page corpus > 2$s round-trips unchanged
(pass) fixed-point round trip: editorDataToPageValue(pageValueToEditorData(x)) === x > against every string in the real page corpus > 2$s round-trips unchanged
(pass) fixed-point round trip: editorDataToPageValue(pageValueToEditorData(x)) === x > against every string in the real page corpus > 2$s round-trips unchanged
(pass) fixed-point round trip: editorDataToPageValue(pageValueToEditorData(x)) === x > against every string in the real page corpus > 2$s round-trips unchanged
(pass) fixed-point round trip: editorDataToPageValue(pageValueToEditorData(x)) === x > against every string in the real page corpus > 2$s round-trips unchanged
(pass) fixed-point round trip: editorDataToPageValue(pageValueToEditorData(x)) === x > against every string in the real page corpus > 2$s round-trips unchanged
(pass) fixed-point round trip: editorDataToPageValue(pageValueToEditorData(x)) === x > against every string in the real page corpus > 2$s round-trips unchanged
(pass) fixed-point round trip: editorDataToPageValue(pageValueToEditorData(x)) === x > against every string in the real page corpus > 2$s round-trips unchanged
(pass) fixed-point round trip: editorDataToPageValue(pageValueToEditorData(x)) === x > against every string in the real page corpus > 2$s round-trips unchanged
(pass) fixed-point round trip: editorDataToPageValue(pageValueToEditorData(x)) === x > against every string in the real page corpus > 2$s round-trips unchanged
(pass) fixed-point round trip: editorDataToPageValue(pageValueToEditorData(x)) === x > against every string in the real page corpus > 2$s round-trips unchanged
(pass) fixed-point round trip: editorDataToPageValue(pageValueToEditorData(x)) === x > against every string in the real page corpus > 2$s round-trips unchanged
(pass) fixed-point round trip: editorDataToPageValue(pageValueToEditorData(x)) === x > against every string in the real page corpus > 2$s round-trips unchanged
(pass) fixed-point round trip: editorDataToPageValue(pageValueToEditorData(x)) === x > against every string in the real page corpus > 2$s round-trips unchanged
(pass) fixed-point round trip: editorDataToPageValue(pageValueToEditorData(x)) === x > against every string in the real page corpus > 2$s round-trips unchanged
(pass) fixed-point round trip: editorDataToPageValue(pageValueToEditorData(x)) === x > against every string in the real page corpus > 2$s round-trips unchanged
(pass) fixed-point round trip: editorDataToPageValue(pageValueToEditorData(x)) === x > against every string in the real page corpus > 2$s round-trips unchanged
(pass) fixed-point round trip: editorDataToPageValue(pageValueToEditorData(x)) === x > against every string in the real page corpus > 2$s round-trips unchanged
(pass) fixed-point round trip: editorDataToPageValue(pageValueToEditorData(x)) === x > against every string in the real page corpus > 2$s round-trips unchanged
(pass) fixed-point round trip: editorDataToPageValue(pageValueToEditorData(x)) === x > against every string in the real page corpus > 2$s round-trips unchanged
(pass) fixed-point round trip: editorDataToPageValue(pageValueToEditorData(x)) === x > against every string in the real page corpus > 2$s round-trips unchanged
(pass) fixed-point round trip: editorDataToPageValue(pageValueToEditorData(x)) === x > against every string in the real page corpus > 2$s round-trips unchanged
(pass) fixed-point round trip: editorDataToPageValue(pageValueToEditorData(x)) === x > against every string in the real page corpus > 2$s round-trips unchanged
(pass) fixed-point round trip: editorDataToPageValue(pageValueToEditorData(x)) === x > against every string in the real page corpus > 2$s round-trips unchanged
(pass) fixed-point round trip: editorDataToPageValue(pageValueToEditorData(x)) === x > against every string in the real page corpus > 2$s round-trips unchanged
(pass) fixed-point round trip: editorDataToPageValue(pageValueToEditorData(x)) === x > against every string in the real page corpus > 2$s round-trips unchanged
(pass) fixed-point round trip: editorDataToPageValue(pageValueToEditorData(x)) === x > against every string in the real page corpus > 2$s round-trips unchanged
(pass) fixed-point round trip: editorDataToPageValue(pageValueToEditorData(x)) === x > against every string in the real page corpus > 2$s round-trips unchanged
(pass) fixed-point round trip: editorDataToPageValue(pageValueToEditorData(x)) === x > against every string in the real page corpus > 2$s round-trips unchanged
(pass) fixed-point round trip: editorDataToPageValue(pageValueToEditorData(x)) === x > against every string in the real page corpus > 2$s round-trips unchanged
(pass) fixed-point round trip: editorDataToPageValue(pageValueToEditorData(x)) === x > against every string in the real page corpus > 2$s round-trips unchanged
(pass) fixed-point round trip: editorDataToPageValue(pageValueToEditorData(x)) === x > against every string in the real page corpus > 2$s round-trips unchanged
(pass) fixed-point round trip: editorDataToPageValue(pageValueToEditorData(x)) === x > against every string in the real page corpus > 2$s round-trips unchanged
(pass) fixed-point round trip: editorDataToPageValue(pageValueToEditorData(x)) === x > against every string in the real page corpus > 2$s round-trips unchanged
(pass) fixed-point round trip: editorDataToPageValue(pageValueToEditorData(x)) === x > against every string in the real page corpus > 2$s round-trips unchanged [0.01ms]
(pass) fixed-point round trip: editorDataToPageValue(pageValueToEditorData(x)) === x > against every string in the real page corpus > 2$s round-trips unchanged [0.01ms]
(pass) fixed-point round trip: editorDataToPageValue(pageValueToEditorData(x)) === x > against every string in the real page corpus > 2$s round-trips unchanged
(pass) fixed-point round trip: editorDataToPageValue(pageValueToEditorData(x)) === x > against every string in the real page corpus > 2$s round-trips unchanged
(pass) fixed-point round trip: editorDataToPageValue(pageValueToEditorData(x)) === x > against every string in the real page corpus > 2$s round-trips unchanged
(pass) fixed-point round trip: editorDataToPageValue(pageValueToEditorData(x)) === x > against every string in the real page corpus > 2$s round-trips unchanged
(pass) fixed-point round trip: editorDataToPageValue(pageValueToEditorData(x)) === x > against every string in the real page corpus > 2$s round-trips unchanged
(pass) fixed-point round trip: editorDataToPageValue(pageValueToEditorData(x)) === x > against every string in the real page corpus > 2$s round-trips unchanged
(pass) fixed-point round trip: editorDataToPageValue(pageValueToEditorData(x)) === x > against every string in the real page corpus > 2$s round-trips unchanged
(pass) fixed-point round trip: editorDataToPageValue(pageValueToEditorData(x)) === x > against every string in the real page corpus > 2$s round-trips unchanged
(pass) fixed-point round trip: editorDataToPageValue(pageValueToEditorData(x)) === x > against every string in the real page corpus > 2$s round-trips unchanged
(pass) fixed-point round trip: editorDataToPageValue(pageValueToEditorData(x)) === x > against every string in the real page corpus > 2$s round-trips unchanged
(pass) fixed-point round trip: editorDataToPageValue(pageValueToEditorData(x)) === x > against every string in the real page corpus > 2$s round-trips unchanged
(pass) fixed-point round trip: editorDataToPageValue(pageValueToEditorData(x)) === x > against every string in the real page corpus > 2$s round-trips unchanged
(pass) fixed-point round trip: editorDataToPageValue(pageValueToEditorData(x)) === x > against every string in the real page corpus > 2$s round-trips unchanged
(pass) fixed-point round trip: editorDataToPageValue(pageValueToEditorData(x)) === x > against every string in the real page corpus > 2$s round-trips unchanged
(pass) fixed-point round trip: editorDataToPageValue(pageValueToEditorData(x)) === x > against every string in the real page corpus > 2$s round-trips unchanged
(pass) fixed-point round trip: editorDataToPageValue(pageValueToEditorData(x)) === x > against every string in the real page corpus > 2$s round-trips unchanged
(pass) fixed-point round trip: editorDataToPageValue(pageValueToEditorData(x)) === x > against every string in the real page corpus > 2$s round-trips unchanged
(pass) fixed-point round trip: editorDataToPageValue(pageValueToEditorData(x)) === x > against every string in the real page corpus > 2$s round-trips unchanged
(pass) fixed-point round trip: editorDataToPageValue(pageValueToEditorData(x)) === x > against every string in the real page corpus > 2$s round-trips unchanged
(pass) fixed-point round trip: editorDataToPageValue(pageValueToEditorData(x)) === x > against every string in the real page corpus > 2$s round-trips unchanged
(pass) fixed-point round trip: editorDataToPageValue(pageValueToEditorData(x)) === x > against every string in the real page corpus > 2$s round-trips unchanged
(pass) fixed-point round trip: editorDataToPageValue(pageValueToEditorData(x)) === x > against every string in the real page corpus > 2$s round-trips unchanged
(pass) fixed-point round trip: editorDataToPageValue(pageValueToEditorData(x)) === x > against every string in the real page corpus > 2$s round-trips unchanged
(pass) fixed-point round trip: editorDataToPageValue(pageValueToEditorData(x)) === x > against every string in the real page corpus > 2$s round-trips unchanged
(pass) fixed-point round trip: editorDataToPageValue(pageValueToEditorData(x)) === x > against every string in the real page corpus > 2$s round-trips unchanged
(pass) fixed-point round trip: editorDataToPageValue(pageValueToEditorData(x)) === x > against every string in the real page corpus > 2$s round-trips unchanged
(pass) fixed-point round trip: editorDataToPageValue(pageValueToEditorData(x)) === x > against every string in the real page corpus > 2$s round-trips unchanged
(pass) fixed-point round trip: editorDataToPageValue(pageValueToEditorData(x)) === x > against every string in the real page corpus > 2$s round-trips unchanged
(pass) fixed-point round trip: editorDataToPageValue(pageValueToEditorData(x)) === x > against every string in the real page corpus > 2$s round-trips unchanged
(pass) fixed-point round trip: editorDataToPageValue(pageValueToEditorData(x)) === x > against every string in the real page corpus > 2$s round-trips unchanged
(pass) fixed-point round trip: editorDataToPageValue(pageValueToEditorData(x)) === x > against every string in the real page corpus > 2$s round-trips unchanged
(pass) fixed-point round trip: editorDataToPageValue(pageValueToEditorData(x)) === x > against every string in the real page corpus > 2$s round-trips unchanged
(pass) fixed-point round trip: editorDataToPageValue(pageValueToEditorData(x)) === x > against every string in the real page corpus > 2$s round-trips unchanged
(pass) fixed-point round trip: editorDataToPageValue(pageValueToEditorData(x)) === x > against every string in the real page corpus > 2$s round-trips unchanged
(pass) fixed-point round trip: editorDataToPageValue(pageValueToEditorData(x)) === x > against every string in the real page corpus > 2$s round-trips unchanged
(pass) fixed-point round trip: editorDataToPageValue(pageValueToEditorData(x)) === x > against every string in the real page corpus > 2$s round-trips unchanged
(pass) fixed-point round trip: editorDataToPageValue(pageValueToEditorData(x)) === x > against every string in the real page corpus > 2$s round-trips unchanged
(pass) fixed-point round trip: editorDataToPageValue(pageValueToEditorData(x)) === x > against every string in the real page corpus > 2$s round-trips unchanged
(pass) fixed-point round trip: editorDataToPageValue(pageValueToEditorData(x)) === x > against every string in the real page corpus > 2$s round-trips unchanged
(pass) fixed-point round trip: editorDataToPageValue(pageValueToEditorData(x)) === x > against every string in the real page corpus > 2$s round-trips unchanged
(pass) fixed-point round trip: editorDataToPageValue(pageValueToEditorData(x)) === x > against every string in the real page corpus > 2$s round-trips unchanged
(pass) fixed-point round trip: editorDataToPageValue(pageValueToEditorData(x)) === x > against every string in the real page corpus > 2$s round-trips unchanged
(pass) fixed-point round trip: editorDataToPageValue(pageValueToEditorData(x)) === x > against every string in the real page corpus > 2$s round-trips unchanged
(pass) fixed-point round trip: editorDataToPageValue(pageValueToEditorData(x)) === x > against every string in the real page corpus > 2$s round-trips unchanged
(pass) fixed-point round trip: editorDataToPageValue(pageValueToEditorData(x)) === x > against every string in the real page corpus > 2$s round-trips unchanged
(pass) fixed-point round trip: editorDataToPageValue(pageValueToEditorData(x)) === x > against every string in the real page corpus > 2$s round-trips unchanged
(pass) fixed-point round trip: editorDataToPageValue(pageValueToEditorData(x)) === x > against every string in the real page corpus > 2$s round-trips unchanged
(pass) fixed-point round trip: editorDataToPageValue(pageValueToEditorData(x)) === x > against every string in the real page corpus > 2$s round-trips unchanged
(pass) fixed-point round trip: editorDataToPageValue(pageValueToEditorData(x)) === x > against every string in the real page corpus > 2$s round-trips unchanged
(pass) fixed-point round trip: editorDataToPageValue(pageValueToEditorData(x)) === x > against every string in the real page corpus > 2$s round-trips unchanged
(pass) fixed-point round trip: editorDataToPageValue(pageValueToEditorData(x)) === x > against every string in the real page corpus > 2$s round-trips unchanged
(pass) fixed-point round trip: editorDataToPageValue(pageValueToEditorData(x)) === x > against every string in the real page corpus > 2$s round-trips unchanged
(pass) fixed-point round trip: editorDataToPageValue(pageValueToEditorData(x)) === x > against every string in the real page corpus > 2$s round-trips unchanged
(pass) fixed-point round trip: editorDataToPageValue(pageValueToEditorData(x)) === x > against every string in the real page corpus > 2$s round-trips unchanged [0.02ms]
(pass) fixed-point round trip: editorDataToPageValue(pageValueToEditorData(x)) === x > against every string in the real page corpus > 2$s round-trips unchanged
(pass) fixed-point round trip: editorDataToPageValue(pageValueToEditorData(x)) === x > against every string in the real page corpus > 2$s round-trips unchanged
(pass) fixed-point round trip: editorDataToPageValue(pageValueToEditorData(x)) === x > against every string in the real page corpus > 2$s round-trips unchanged
(pass) fixed-point round trip: editorDataToPageValue(pageValueToEditorData(x)) === x > against every string in the real page corpus > 2$s round-trips unchanged
(pass) fixed-point round trip: editorDataToPageValue(pageValueToEditorData(x)) === x > against every string in the real page corpus > 2$s round-trips unchanged
(pass) fixed-point round trip: editorDataToPageValue(pageValueToEditorData(x)) === x > against every string in the real page corpus > 2$s round-trips unchanged
(pass) fixed-point round trip: editorDataToPageValue(pageValueToEditorData(x)) === x > against every string in the real page corpus > 2$s round-trips unchanged
(pass) fixed-point round trip: editorDataToPageValue(pageValueToEditorData(x)) === x > against every string in the real page corpus > 2$s round-trips unchanged
(pass) fixed-point round trip: editorDataToPageValue(pageValueToEditorData(x)) === x > against every string in the real page corpus > 2$s round-trips unchanged
(pass) fixed-point round trip: editorDataToPageValue(pageValueToEditorData(x)) === x > against every string in the real page corpus > 2$s round-trips unchanged
(pass) fixed-point round trip: editorDataToPageValue(pageValueToEditorData(x)) === x > against every string in the real page corpus > 2$s round-trips unchanged
(pass) fixed-point round trip: editorDataToPageValue(pageValueToEditorData(x)) === x > against every string in the real page corpus > 2$s round-trips unchanged
(pass) fixed-point round trip: editorDataToPageValue(pageValueToEditorData(x)) === x > against every string in the real page corpus > 2$s round-trips unchanged
(pass) fixed-point round trip: editorDataToPageValue(pageValueToEditorData(x)) === x > against every string in the real page corpus > 2$s round-trips unchanged
(pass) fixed-point round trip: editorDataToPageValue(pageValueToEditorData(x)) === x > against every string in the real page corpus > 2$s round-trips unchanged
(pass) fixed-point round trip: editorDataToPageValue(pageValueToEditorData(x)) === x > against every string in the real page corpus > 2$s round-trips unchanged
(pass) fixed-point round trip: editorDataToPageValue(pageValueToEditorData(x)) === x > against every string in the real page corpus > 2$s round-trips unchanged
(pass) fixed-point round trip: editorDataToPageValue(pageValueToEditorData(x)) === x > against every string in the real page corpus > 2$s round-trips unchanged
(pass) fixed-point round trip: editorDataToPageValue(pageValueToEditorData(x)) === x > against every string in the real page corpus > 2$s round-trips unchanged
(pass) fixed-point round trip: editorDataToPageValue(pageValueToEditorData(x)) === x > against every string in the real page corpus > 2$s round-trips unchanged
(pass) fixed-point round trip: editorDataToPageValue(pageValueToEditorData(x)) === x > against every string in the real page corpus > 2$s round-trips unchanged
(pass) fixed-point round trip: editorDataToPageValue(pageValueToEditorData(x)) === x > against every string in the real page corpus > 2$s round-trips unchanged
(pass) fixed-point round trip: editorDataToPageValue(pageValueToEditorData(x)) === x > against every string in the real page corpus > 2$s round-trips unchanged
(pass) fixed-point round trip: editorDataToPageValue(pageValueToEditorData(x)) === x > against every string in the real page corpus > 2$s round-trips unchanged
(pass) fixed-point round trip: editorDataToPageValue(pageValueToEditorData(x)) === x > against every string in the real page corpus > 2$s round-trips unchanged
(pass) fixed-point round trip: editorDataToPageValue(pageValueToEditorData(x)) === x > against every string in the real page corpus > 2$s round-trips unchanged
(pass) fixed-point round trip: editorDataToPageValue(pageValueToEditorData(x)) === x > against every string in the real page corpus > 2$s round-trips unchanged
(pass) fixed-point round trip: editorDataToPageValue(pageValueToEditorData(x)) === x > against every string in the real page corpus > 2$s round-trips unchanged
(pass) fixed-point round trip: editorDataToPageValue(pageValueToEditorData(x)) === x > against every string in the real page corpus > 2$s round-trips unchanged
(pass) fixed-point round trip: editorDataToPageValue(pageValueToEditorData(x)) === x > against every string in the real page corpus > 2$s round-trips unchanged
(pass) fixed-point round trip: editorDataToPageValue(pageValueToEditorData(x)) === x > against every string in the real page corpus > 2$s round-trips unchanged
(pass) fixed-point round trip: editorDataToPageValue(pageValueToEditorData(x)) === x > against every string in the real page corpus > 2$s round-trips unchanged
(pass) fixed-point round trip: editorDataToPageValue(pageValueToEditorData(x)) === x > against every string in the real page corpus > 2$s round-trips unchanged
(pass) fixed-point round trip: editorDataToPageValue(pageValueToEditorData(x)) === x > against every string in the real page corpus > 2$s round-trips unchanged
(pass) fixed-point round trip: editorDataToPageValue(pageValueToEditorData(x)) === x > against every string in the real page corpus > 2$s round-trips unchanged
(pass) fixed-point round trip: editorDataToPageValue(pageValueToEditorData(x)) === x > against every string in the real page corpus > 2$s round-trips unchanged
(pass) fixed-point round trip: editorDataToPageValue(pageValueToEditorData(x)) === x > against every string in the real page corpus > 2$s round-trips unchanged
(pass) fixed-point round trip: editorDataToPageValue(pageValueToEditorData(x)) === x > against every string in the real page corpus > 2$s round-trips unchanged
(pass) fixed-point round trip: editorDataToPageValue(pageValueToEditorData(x)) === x > against every string in the real page corpus > 2$s round-trips unchanged
(pass) fixed-point round trip: editorDataToPageValue(pageValueToEditorData(x)) === x > against every string in the real page corpus > 2$s round-trips unchanged
(pass) fixed-point round trip: editorDataToPageValue(pageValueToEditorData(x)) === x > against every string in the real page corpus > 2$s round-trips unchanged
(pass) fixed-point round trip: editorDataToPageValue(pageValueToEditorData(x)) === x > against every string in the real page corpus > 2$s round-trips unchanged
(pass) fixed-point round trip: editorDataToPageValue(pageValueToEditorData(x)) === x > against every string in the real page corpus > 2$s round-trips unchanged
(pass) fixed-point round trip: editorDataToPageValue(pageValueToEditorData(x)) === x > against every string in the real page corpus > 2$s round-trips unchanged
(pass) fixed-point round trip: editorDataToPageValue(pageValueToEditorData(x)) === x > against every string in the real page corpus > 2$s round-trips unchanged
(pass) fixed-point round trip: editorDataToPageValue(pageValueToEditorData(x)) === x > against every string in the real page corpus > 2$s round-trips unchanged
(pass) fixed-point round trip: editorDataToPageValue(pageValueToEditorData(x)) === x > against every string in the real page corpus > 2$s round-trips unchanged
(pass) fixed-point round trip: editorDataToPageValue(pageValueToEditorData(x)) === x > against every string in the real page corpus > 2$s round-trips unchanged
(pass) fixed-point round trip: editorDataToPageValue(pageValueToEditorData(x)) === x > against every string in the real page corpus > 2$s round-trips unchanged
(pass) fixed-point round trip: editorDataToPageValue(pageValueToEditorData(x)) === x > against every string in the real page corpus > 2$s round-trips unchanged
(pass) fixed-point round trip: editorDataToPageValue(pageValueToEditorData(x)) === x > against every string in the real page corpus > 2$s round-trips unchanged
(pass) fixed-point round trip: editorDataToPageValue(pageValueToEditorData(x)) === x > against every string in the real page corpus > 2$s round-trips unchanged
(pass) fixed-point round trip: editorDataToPageValue(pageValueToEditorData(x)) === x > against every string in the real page corpus > 2$s round-trips unchanged
(pass) fixed-point round trip: editorDataToPageValue(pageValueToEditorData(x)) === x > against every string in the real page corpus > 2$s round-trips unchanged
(pass) fixed-point round trip: editorDataToPageValue(pageValueToEditorData(x)) === x > against every string in the real page corpus > 2$s round-trips unchanged
(pass) fixed-point round trip: editorDataToPageValue(pageValueToEditorData(x)) === x > against every string in the real page corpus > 2$s round-trips unchanged
(pass) fixed-point round trip: editorDataToPageValue(pageValueToEditorData(x)) === x > against every string in the real page corpus > 2$s round-trips unchanged
(pass) fixed-point round trip: editorDataToPageValue(pageValueToEditorData(x)) === x > against every string in the real page corpus > 2$s round-trips unchanged
(pass) fixed-point round trip: editorDataToPageValue(pageValueToEditorData(x)) === x > against every string in the real page corpus > 2$s round-trips unchanged
(pass) fixed-point round trip: editorDataToPageValue(pageValueToEditorData(x)) === x > against every string in the real page corpus > 2$s round-trips unchanged
(pass) fixed-point round trip: editorDataToPageValue(pageValueToEditorData(x)) === x > against every string in the real page corpus > 2$s round-trips unchanged
(pass) fixed-point round trip: editorDataToPageValue(pageValueToEditorData(x)) === x > against every string in the real page corpus > 2$s round-trips unchanged
(pass) fixed-point round trip: editorDataToPageValue(pageValueToEditorData(x)) === x > against every string in the real page corpus > 2$s round-trips unchanged
(pass) fixed-point round trip: editorDataToPageValue(pageValueToEditorData(x)) === x > against every string in the real page corpus > 2$s round-trips unchanged
(pass) fixed-point round trip: editorDataToPageValue(pageValueToEditorData(x)) === x > against every string in the real page corpus > 2$s round-trips unchanged
(pass) fixed-point round trip: editorDataToPageValue(pageValueToEditorData(x)) === x > against every string in the real page corpus > 2$s round-trips unchanged
(pass) fixed-point round trip: editorDataToPageValue(pageValueToEditorData(x)) === x > against every string in the real page corpus > 2$s round-trips unchanged
(pass) fixed-point round trip: editorDataToPageValue(pageValueToEditorData(x)) === x > against every string in the real page corpus > 2$s round-trips unchanged
(pass) fixed-point round trip: editorDataToPageValue(pageValueToEditorData(x)) === x > against every string in the real page corpus > 2$s round-trips unchanged
(pass) fixed-point round trip: editorDataToPageValue(pageValueToEditorData(x)) === x > against every string in the real page corpus > 2$s round-trips unchanged
(pass) fixed-point round trip: editorDataToPageValue(pageValueToEditorData(x)) === x > against every string in the real page corpus > 2$s round-trips unchanged
(pass) fixed-point round trip: editorDataToPageValue(pageValueToEditorData(x)) === x > against every string in the real page corpus > 2$s round-trips unchanged
(pass) fixed-point round trip: editorDataToPageValue(pageValueToEditorData(x)) === x > against every string in the real page corpus > 2$s round-trips unchanged
(pass) fixed-point round trip: editorDataToPageValue(pageValueToEditorData(x)) === x > against every string in the real page corpus > 2$s round-trips unchanged
(pass) fixed-point round trip: editorDataToPageValue(pageValueToEditorData(x)) === x > against every string in the real page corpus > 2$s round-trips unchanged
(pass) fixed-point round trip: editorDataToPageValue(pageValueToEditorData(x)) === x > against every string in the real page corpus > 2$s round-trips unchanged
(pass) fixed-point round trip: editorDataToPageValue(pageValueToEditorData(x)) === x > against every string in the real page corpus > 2$s round-trips unchanged
(pass) fixed-point round trip: editorDataToPageValue(pageValueToEditorData(x)) === x > against every string in the real page corpus > 2$s round-trips unchanged
(pass) fixed-point round trip: editorDataToPageValue(pageValueToEditorData(x)) === x > against every string in the real page corpus > 2$s round-trips unchanged
(pass) fixed-point round trip: editorDataToPageValue(pageValueToEditorData(x)) === x > against every string in the real page corpus > 2$s round-trips unchanged
(pass) fixed-point round trip: editorDataToPageValue(pageValueToEditorData(x)) === x > against every string in the real page corpus > 2$s round-trips unchanged [0.02ms]
(pass) fixed-point round trip: editorDataToPageValue(pageValueToEditorData(x)) === x > against every string in the real page corpus > 2$s round-trips unchanged
(pass) fixed-point round trip: editorDataToPageValue(pageValueToEditorData(x)) === x > against every string in the real page corpus > 2$s round-trips unchanged
(pass) fixed-point round trip: editorDataToPageValue(pageValueToEditorData(x)) === x > against every string in the real page corpus > 2$s round-trips unchanged
(pass) fixed-point round trip: editorDataToPageValue(pageValueToEditorData(x)) === x > against every string in the real page corpus > 2$s round-trips unchanged
(pass) fixed-point round trip: editorDataToPageValue(pageValueToEditorData(x)) === x > against every string in the real page corpus > 2$s round-trips unchanged
(pass) fixed-point round trip: editorDataToPageValue(pageValueToEditorData(x)) === x > against every string in the real page corpus > 2$s round-trips unchanged
(pass) fixed-point round trip: editorDataToPageValue(pageValueToEditorData(x)) === x > against every string in the real page corpus > 2$s round-trips unchanged
(pass) fixed-point round trip: editorDataToPageValue(pageValueToEditorData(x)) === x > against every string in the real page corpus > 2$s round-trips unchanged
(pass) fixed-point round trip: editorDataToPageValue(pageValueToEditorData(x)) === x > against every string in the real page corpus > 2$s round-trips unchanged
(pass) fixed-point round trip: editorDataToPageValue(pageValueToEditorData(x)) === x > against every string in the real page corpus > 2$s round-trips unchanged
(pass) fixed-point round trip: editorDataToPageValue(pageValueToEditorData(x)) === x > against every string in the real page corpus > 2$s round-trips unchanged
(pass) fixed-point round trip: editorDataToPageValue(pageValueToEditorData(x)) === x > against every string in the real page corpus > 2$s round-trips unchanged
(pass) fixed-point round trip: editorDataToPageValue(pageValueToEditorData(x)) === x > against every string in the real page corpus > 2$s round-trips unchanged
(pass) fixed-point round trip: editorDataToPageValue(pageValueToEditorData(x)) === x > against every string in the real page corpus > 2$s round-trips unchanged
(pass) fixed-point round trip: editorDataToPageValue(pageValueToEditorData(x)) === x > against every string in the real page corpus > 2$s round-trips unchanged
(pass) fixed-point round trip: editorDataToPageValue(pageValueToEditorData(x)) === x > against every string in the real page corpus > 2$s round-trips unchanged
(pass) fixed-point round trip: editorDataToPageValue(pageValueToEditorData(x)) === x > against every string in the real page corpus > 2$s round-trips unchanged
(pass) fixed-point round trip: editorDataToPageValue(pageValueToEditorData(x)) === x > against every string in the real page corpus > 2$s round-trips unchanged
(pass) fixed-point round trip: editorDataToPageValue(pageValueToEditorData(x)) === x > against every string in the real page corpus > 2$s round-trips unchanged
(pass) fixed-point round trip: editorDataToPageValue(pageValueToEditorData(x)) === x > against every string in the real page corpus > 2$s round-trips unchanged
(pass) fixed-point round trip: editorDataToPageValue(pageValueToEditorData(x)) === x > against every string in the real page corpus > 2$s round-trips unchanged
(pass) fixed-point round trip: editorDataToPageValue(pageValueToEditorData(x)) === x > against every string in the real page corpus > 2$s round-trips unchanged
(pass) fixed-point round trip: editorDataToPageValue(pageValueToEditorData(x)) === x > against every string in the real page corpus > 2$s round-trips unchanged
(pass) fixed-point round trip: editorDataToPageValue(pageValueToEditorData(x)) === x > against every string in the real page corpus > 2$s round-trips unchanged
(pass) fixed-point round trip: editorDataToPageValue(pageValueToEditorData(x)) === x > against every string in the real page corpus > 2$s round-trips unchanged
(pass) fixed-point round trip: editorDataToPageValue(pageValueToEditorData(x)) === x > against every string in the real page corpus > 2$s round-trips unchanged
(pass) fixed-point round trip: editorDataToPageValue(pageValueToEditorData(x)) === x > against every string in the real page corpus > 2$s round-trips unchanged
(pass) fixed-point round trip: editorDataToPageValue(pageValueToEditorData(x)) === x > against every string in the real page corpus > 2$s round-trips unchanged
(pass) fixed-point round trip: editorDataToPageValue(pageValueToEditorData(x)) === x > against every string in the real page corpus > 2$s round-trips unchanged
(pass) fixed-point round trip: editorDataToPageValue(pageValueToEditorData(x)) === x > against every string in the real page corpus > 2$s round-trips unchanged

tests/font-loading.test.js:
(pass) webfont imports in js/main.js > loads both weights of Roboto Slab [2.78ms]
(pass) webfont imports in js/main.js > loads the weight axis of the variable Roboto Flex package, not the static one [0.04ms]
(pass) webfont packages on disk (guards the dependency, not just this file) > roboto-slab ships a static 700 face [0.04ms]
(pass) webfont packages on disk (guards the dependency, not just this file) > the static roboto-flex package is not installed [0.01ms]
(pass) webfont packages on disk (guards the dependency, not just this file) > the variable roboto-flex package ships a wght axis file covering weight 700 [0.04ms]

tests/ai-assist-client.test.js:
(pass) readConfig > returns empty strings when nothing has been saved [1.11ms]
(pass) readConfig > returns the saved URL and token [0.30ms]
(pass) readConfig > falls back to empty strings on a malformed blob rather than throwing [0.22ms]
(pass) readConfig > coerces a non-string field to an empty string [0.23ms]
(pass) readConfig > reads its own storage key, never the shared review-state blob [0.18ms]
(pass) writeConfig > saves trimmed values under the AI config key and reports success [0.36ms]
(pass) writeConfig > treats missing fields as empty rather than writing undefined [0.26ms]
(pass) writeConfig > returns false and shows the error banner when storage refuses the write [0.33ms]
(pass) writeConfig > does NOT clear review-state sync baselines, unlike the sync client [0.21ms]
(pass) isConfigured > is false with nothing saved [0.20ms]
(pass) isConfigured > is false with a URL but no token [0.18ms]
(pass) isConfigured > is false with a token but no URL [0.17ms]
(pass) isConfigured > is true only when both are present [0.17ms]
(pass) assertEndpointUnchanged > returns quietly when the endpoint is still the one the request used [0.25ms]
(pass) assertEndpointUnchanged > throws when the reviewer saved a different endpoint mid-request [0.26ms]
(pass) assertEndpointUnchanged > throws when the settings were cleared mid-request [0.21ms]
(pass) assertEndpointUnchanged > compares the URL only, so a token change alone is not a changed endpoint [0.22ms]
(pass) apiFetch > rejects without touching the network when nothing is configured [0.46ms]
(pass) apiFetch > rejects when the URL is set but the token is not [0.27ms]
(pass) apiFetch > sends the bearer token and JSON content type [0.43ms]
(pass) apiFetch > strips trailing slashes off the configured URL before joining the path [0.34ms]
(pass) apiFetch > does not let a caller override the authorization header [0.45ms]
(pass) apiFetch > passes an AbortSignal that a caller-supplied signal can abort [0.58ms]
(pass) apiFetch > forwards an already-aborted caller signal without waiting for an abort event [0.45ms]
(pass) apiFetch > uses a generation-length timeout, far longer than the sync client [0.22ms]
(pass) describeFailure > prefers the server own JSON error message [0.46ms]
(pass) describeFailure > names the token on a 401 with no JSON body [0.29ms]
(pass) describeFailure > names the URL on a 404 with no JSON body [0.30ms]
(pass) describeFailure > falls back to the bare status for anything else [0.25ms]

tests/karl-tag-meta.test.js:
(pass) parseKarlLabel > splits a leading arrow chain in the first sentence into a breadcrumb [3.35ms]
(pass) parseKarlLabel > does not treat an arrow appearing only in later rationale prose as a breadcrumb [0.03ms]
(pass) parseKarlLabel > splits plain prose with no arrow at the first sentence boundary [0.02ms]
(pass) parseKarlLabel > folds a too-short first sentence forward instead of rendering a fragment [0.03ms]
(pass) parseKarlLabel > falls back to the whole trimmed string when there is no punctuation at all [0.01ms]
(pass) parseKarlLabel > never crashes when a too-short headline has no rationale left to fold in
(pass) parseKarlLabel > handles the XSS-payload fixture used by page-render.test.js identically to a plain string [0.01ms]
(pass) parseKarlLabel > flags an explicit editorial hold [0.05ms]
(pass) parseKarlLabel > flags a note asking to route to Digital Services [0.01ms]
(pass) parseKarlLabel > does not flag an ordinary settled placement note
(pass) parseKarlLabel > returns empty parts for an empty or non-string label [0.02ms]

tests/review-state-schema.test.js:
(pass) review-state-schema > accepts a valid review state backup [0.52ms]
(pass) review-state-schema > rejects invalid decision values [0.18ms]
(pass) review-state-schema > rejects unsupported versions [0.09ms]
(pass) review-state-schema > accepts local_dirty as a real boolean [0.11ms]
(pass) review-state-schema > accepts a section_edits map of valid field paths and shapes [0.41ms]
(pass) review-state-schema > drops section_edits entries with an unsupported path, not the whole record [0.18ms]
(pass) review-state-schema > drops section_edits entries whose value shape does not match their path suffix [0.30ms]
(pass) review-state-schema > accepts an empty section_edits map [0.09ms]
(pass) review-state-schema > rejects a non-object section_edits value [0.04ms]
(pass) review-state-schema > rejects a section_edits value that is an array [0.02ms]
(pass) browser-side sanitizeReviewRecord (js/review-state-validation.js) > preserves local_dirty as a boolean rather than stringifying it [0.12ms]
(pass) browser-side sanitizeReviewRecord (js/review-state-validation.js) > normalizes a stringified local_dirty from an older/JSON-round-tripped record [0.02ms]
(pass) browser-side sanitizeReviewRecord (js/review-state-validation.js) > keeps synced_at and drops unknown fields [0.04ms]
(pass) browser-side sanitizeReviewRecord (js/review-state-validation.js) > preserves section_edits as a real object rather than stringifying it [0.14ms]
(pass) browser-side sanitizeReviewRecord (js/review-state-validation.js) > drops a non-object section_edits value rather than passing it through [0.02ms]
(pass) browser-side sanitizeReviewRecord (js/review-state-validation.js) > keeps an empty section_edits map rather than dropping it
(pass) browser-side sanitizeReviewRecord (js/review-state-validation.js) > drops unsupported section_edits paths and shape-mismatched values, same as the Zod schema [0.05ms]
(pass) section_edits whitelist agrees between the Zod schema, the browser validator, and the write-side differ > all valid paths/shapes [0.22ms]
(pass) section_edits whitelist agrees between the Zod schema, the browser validator, and the write-side differ > a step title and its text [0.06ms]
(pass) section_edits whitelist agrees between the Zod schema, the browser validator, and the write-side differ > a callout on a section and on a step [0.02ms]
(pass) section_edits whitelist agrees between the Zod schema, the browser validator, and the write-side differ > a whole table [0.12ms]
(pass) section_edits whitelist agrees between the Zod schema, the browser validator, and the write-side differ > a table with a non-string cell [0.05ms]
(pass) section_edits whitelist agrees between the Zod schema, the browser validator, and the write-side differ > a table that is not rows [0.05ms]
(pass) section_edits whitelist agrees between the Zod schema, the browser validator, and the write-side differ > page-level whatToKnow and spotlight [0.14ms]
(pass) section_edits whitelist agrees between the Zod schema, the browser validator, and the write-side differ > contact string arrays [0.07ms]
(pass) section_edits whitelist agrees between the Zod schema, the browser validator, and the write-side differ > a tagged object in a contact list [0.04ms]
(pass) section_edits whitelist agrees between the Zod schema, the browser validator, and the write-side differ > a card path, which is out of scope entirely [0.03ms]
(pass) section_edits whitelist agrees between the Zod schema, the browser validator, and the write-side differ > unsupported suffix [0.01ms]
(pass) section_edits whitelist agrees between the Zod schema, the browser validator, and the write-side differ > per-index path [0.01ms]
(pass) section_edits whitelist agrees between the Zod schema, the browser validator, and the write-side differ > heading as a non-string [0.01ms]
(pass) section_edits whitelist agrees between the Zod schema, the browser validator, and the write-side differ > paragraphs as a non-array [0.04ms]
(pass) section_edits whitelist agrees between the Zod schema, the browser validator, and the write-side differ > bullets with one malformed item [0.07ms]
(pass) section_edits whitelist agrees between the Zod schema, the browser validator, and the write-side differ > bullets with a null item [0.07ms]
(pass) section_edits whitelist agrees between the Zod schema, the browser validator, and the write-side differ > bullets with an array item carrying .text [0.04ms]

tests/review-merge.test.js:
(pass) mergeReviewRecord > patch fields overwrite existing fields, unrelated fields untouched [0.11ms]
(pass) mergeReviewRecord > appends exactly one history entry per call, preserving prior entries [0.08ms]
(pass) mergeReviewRecord > treats a missing/null existing record as a fresh record, not a crash [0.02ms]
(pass) mergeReviewRecord > records who/when via options.updatedBy and options.timestamp [0.02ms]
(pass) mergeReviewRecord > defaults options.updatedBy to "local" when not specified [0.01ms]
(pass) mergeReviewRecord > a patch to one page never touches another record's data (caller-level isolation) [0.02ms]
(pass) mergeReviewRecord > preserves history carried by the patch itself when merging into an empty/no-history record [0.06ms]
(pass) mergeReviewRecord > combines existing history and patch history without duplicating either [0.04ms]
(pass) mergeReviewRecord > re-merging the same history entries does not duplicate them (idempotent dedupe) [0.02ms]
(pass) mergeReviewRecord > omits the decision key on a history entry instead of writing an empty string [0.02ms]
(pass) mergeReviewRecord > marks the record dirty for local merges and clean for the server-side sync merge [0.02ms]
(pass) reviewContentEquals > ignores bookkeeping fields that say when a record synced, not what it says [0.13ms]
(pass) reviewContentEquals > detects a real content change [0.03ms]
(pass) reviewContentEquals > treats a missing field and an empty-string field as the same content
(pass) reviewContentEquals > tolerates null/undefined records instead of throwing [0.01ms]
(pass) reviewContentEquals > deep-compares object-valued fields like section_edits instead of stringifying them [0.04ms]

tests/inline-content-edit-data.test.js:
(pass) EDITABLE_FIELD_SHAPES > covers section, step, table, and page-level text containers [0.10ms]
(pass) EDITABLE_FIELD_SHAPES > excludes card fields, whose text renders nowhere [0.03ms]
(pass) EDITABLE_FIELD_SHAPES > excludes editor-only annotations [0.01ms]
(pass) editableItemKind > reports taggedText for paragraph, bullet, and step text items [0.08ms]
(pass) editableItemKind > reports plainString for table cells and string-array items [0.02ms]
(pass) editableItemKind > reports plainString for a whole-field string path [0.03ms]
(pass) editableItemKind > reports null for a path outside the feature [0.02ms]
(pass) computeSectionEdits > returns an empty object when nothing differs from original [0.26ms]
(pass) computeSectionEdits > reports a changed heading under its dot-path [0.07ms]
(pass) computeSectionEdits > reports a changed paragraphs array as the whole array, not a diff [0.06ms]
(pass) computeSectionEdits > reports a changed bullets array including object-shaped unverified entries [0.04ms]
(pass) computeSectionEdits > reports multiple sections and multiple fields at once, each under its own path [0.04ms]
(pass) computeSectionEdits > drops a path once its value is written back to match the original (reset) [0.08ms]
(pass) computeSectionEdits > ignores fields outside heading/paragraphs/bullets, e.g. kind or component [0.05ms]
(pass) computeSectionEdits > returns an empty object when the page has no sections [0.03ms]
(pass) computeSectionEdits > returns an empty object rather than throwing when page or originalPage is missing [0.03ms]
(pass) computeSectionEdits > reports every in-scope field of a section with no original counterpart as an edit (no crash) [0.07ms]
(pass) applyContentEditsToPageData > applies a saved section_edits map onto the page via setByPath [0.07ms]
(pass) applyContentEditsToPageData > reports false when every saved edit already matches the live page [0.02ms]
(pass) applyContentEditsToPageData > reports false on a second identical reapply, having reported true on the first [0.02ms]
(pass) applyContentEditsToPageData > reports true when only one of several entries differs [0.02ms]
(pass) applyContentEditsToPageData > compares array values by content, not by identity [0.03ms]
(pass) applyContentEditsToPageData > compares the tagged item-object form by content too [0.04ms]
(pass) applyContentEditsToPageData > still WRITES an unchanged value, it just does not report it [0.02ms]
(pass) applyContentEditsToPageData > applies multiple entries across different sections and field kinds [0.03ms]
(pass) applyContentEditsToPageData > no-ops cleanly when savedRecord has no section_edits [0.02ms]
(pass) applyContentEditsToPageData > no-ops cleanly when savedRecord is null or undefined [0.01ms]
(pass) applyContentEditsToPageData > never throws on a stale path that no longer resolves against the current page shape [0.05ms]
(pass) applyContentEditsToPageData > ignores a malformed (non-object) section_edits value [0.02ms]
(pass) applyContentEditsToPageData > round-trips through computeSectionEdits: apply then compute reproduces the same map [0.04ms]
(pass) applyContentEditsToPageData > skips an entry whose path is outside the heading/paragraphs/bullets contract [0.02ms]
(pass) applyContentEditsToPageData > skips an entry whose value shape does not match its path suffix [0.02ms]
(pass) applyContentEditsToPageData > a mix of valid and invalid entries applies only the valid ones [0.02ms]
(pass) computeSectionEdits over the full editable surface > records an edited step title, text item, and bullet as whole fields [0.12ms]
(pass) computeSectionEdits over the full editable surface > records an edited callout on a section and on a step [0.08ms]
(pass) computeSectionEdits over the full editable surface > records an edited table cell as the whole table [0.07ms]
(pass) computeSectionEdits over the full editable surface > records edited page-level whatToKnow, spotlight, and contact fields [0.19ms]
(pass) computeSectionEdits over the full editable surface > reports nothing for a page whose new fields all match the original [0.11ms]
(pass) computeSectionEdits over the full editable surface > round-trips every new container through apply and back [0.22ms]
(pass) computeSectionEdits over the full editable surface > rejects a value whose shape does not match its container kind [0.05ms]
(pass) computeSectionEdits over the full editable surface > skips a card path even when its value shape is valid [0.03ms]

tests/inline-content-edit-roundtrip.test.js:
(pass) inline content edit: add/remove/reset round-trip through the real save/reapply path > removing a bullet is reflected in the recomputed section_edits after a real save [4.95ms]
(pass) inline content edit: add/remove/reset round-trip through the real save/reapply path > a saved bullet removal reapplies correctly on a fresh load of the page object [3.72ms]
(pass) inline content edit: add/remove/reset round-trip through the real save/reapply path > adding a bullet is reflected in the recomputed section_edits after a real save [3.87ms]
(pass) inline content edit: add/remove/reset round-trip through the real save/reapply path > a saved bullet addition reapplies correctly on a fresh load of the page object [7.65ms]
(pass) inline content edit: add/remove/reset round-trip through the real save/reapply path > resetting a heading to its original value drops it from the recomputed section_edits [3.69ms]

tests/review-insights-render.test.js:
(pass) insight cards > renders exactly two cards, with no decision-mix card [3.81ms]
(pass) insight cards > gives the activity chart a mount point and a hidden data table [0.04ms]
(pass) insight cards > gives the checks ranking no chart mount and no parallel table [0.03ms]
(pass) failing-checks ranking > counts what is failing, not what is passing [0.04ms]
(pass) failing-checks ranking > lists only pages with failing checks, never padding with passing ones [0.05ms]
(pass) failing-checks ranking > caps the list and says so in the card hint [0.10ms]
(pass) failing-checks ranking > escapes a page title before it reaches innerHTML [0.03ms]
(pass) failing-checks ranking > shows an empty state rather than an empty list when everything passes [0.06ms]
(pass) activity card > shows an empty state before anything is decided [0.03ms]

tests/review-state-sync.test.js:
(pass) pullFromServer revision handling > applies a server revision this browser has not observed, when nothing is unpushed [1.79ms]
(pass) pullFromServer revision handling > no-ops when the server holds no revision newer than the one already observed [0.42ms]
(pass) pullFromServer revision handling > does not discard an unpushed local edit just because the browser clock lags the server [0.33ms]
(pass) pullFromServer revision handling > treats a legacy record with no local_dirty field as unsynced, not as clean [0.36ms]
(pass) pullFromServer revision handling > reports which pages it applied so their in-memory content can be reset [0.30ms]
(pass) pullFromServer revision handling > reports (but does not auto-merge) a page with unpushed edits and a newer server revision [0.40ms]
(pass) endpoint binding across an in-flight request > a pull labels its conflicts with the endpoint configured when it started [0.36ms]
(pass) endpoint binding across an in-flight request > a pull refuses to apply a response that outlived its configuration [0.72ms]
(pass) endpoint binding across an in-flight request > a push refuses to apply a response that outlived its configuration [0.76ms]
(pass) resolveConflict > 'server' adopts the server copy and marks the page clean [0.35ms]
(pass) resolveConflict > 'local' keeps local content but adopts the server revision as observed [0.19ms]
(pass) resolveConflict > rejects an unknown resolution instead of silently doing nothing [0.13ms]
(pass) resolveConflict > refuses to resolve against a server the settings no longer point at [0.32ms]
(pass) resolveConflict > still resolves when the endpoint is unchanged [0.20ms]
(pass) resolveConflict > refuses a row whose divergence the local record has already caught up with [0.21ms]
(pass) resolveConflict > a push that lands after a conflicting pull retires that conflict row [0.57ms]
(pass) writeConfig server-switch safety > clears synced_at on every local page when the sync server URL changes [0.35ms]
(pass) writeConfig server-switch safety > clears baselines across a clear-then-reconfigure, not just a direct swap [0.18ms]
(pass) writeConfig server-switch safety > leaves synced_at alone when the URL is unchanged (e.g. just updating the token) [0.12ms]
(pass) writeConfig server-switch safety > drops local_dirty to unknown when the sync server URL changes [0.15ms]
(pass) writeConfig server-switch safety > a pull after a server switch reports a conflict instead of overwriting [0.51ms]
(pass) overlapping pulls > marks a superseded pull stale and the pull that superseded it fresh [0.55ms]
(pass) overlapping pulls > marks a lone pull fresh [0.53ms]
(pass) pushPage > clears local_dirty when it adopts the server response [0.44ms]
(pass) pushPage > a duplicate-content autosave landing mid-push does not leave the page dirty [0.57ms]
(pass) pushPage > keeps history rounds added mid-push even when the final content matches what was sent [0.47ms]
(pass) pushPage > folds the server-appended history entry into local history when local changes mid-push [0.44ms]
(pass) restorePageContentFromOriginal > clears a local CTA when the original page had none anywhere [0.44ms]
(pass) restorePageContentFromOriginal > restores a real CTA rather than blanking the button it lives on [0.39ms]
(pass) restorePageContentFromOriginal > resets locally-edited section content, not just title/summary/SEO/CTA [0.21ms]
(pass) restorePageContentFromOriginal > resets the page-level whatToKnow, spotlight and contact containers too [0.38ms]
(pass) restorePageContentFromOriginal > removes a page-level container the original never had, rather than blanking it [0.15ms]
(pass) automatic sync > scheduleAutoPush does nothing when sync is not configured [0.34ms]
(pass) automatic sync > an automatic push waits for the first pull, so it carries an observed baseline [5.81ms]
(pass) automatic sync > startAutoSync pulls once however many times it is called [1.13ms]
(pass) automatic sync > pushDirtyPages sends only pages explicitly marked unpushed [0.68ms]
(pass) automatic sync > a failed automatic push leaves the page marked unpushed [0.37ms]

tests/knowledge-retrieval.test.js:
(pass) retrieveRelevantChunks > returns the closest chunks, read back through the storage seam [44.32ms]
(pass) retrieveRelevantChunks > excludes a category on request, which is how an audit refuses draft copy [32.73ms]
(pass) retrieveRelevantChunks > ignores chunks embedded with a different model rather than mixing vector spaces [48.39ms]
(pass) isComplianceAuditAvailable > is false with an empty corpus even when Gemini is configured [18.53ms]

1 tests failed:

 1592 pass
 1 fail
 1 error
 3582 expect() calls
Ran 1593 tests across 43 files. [24.06s]
error: script "test" exited with code 1
